Archive member included to satisfy reference by file (symbol)

d:/opencli/compilers/gcc-arm-none-eabi-10.3-2021.10/bin/../lib/gcc/arm-none-eabi/10.3.1/../../../../arm-none-eabi/lib/thumb/v7-m/nofp\libc.a(lib_a-exit.o)
                              d:/opencli/compilers/gcc-arm-none-eabi-10.3-2021.10/bin/../lib/gcc/arm-none-eabi/10.3.1/../../../../arm-none-eabi/lib/thumb/v7-m/nofp/crt0.o (exit)
d:/opencli/compilers/gcc-arm-none-eabi-10.3-2021.10/bin/../lib/gcc/arm-none-eabi/10.3.1/../../../../arm-none-eabi/lib/thumb/v7-m/nofp\libc.a(lib_a-impure.o)
                              d:/opencli/compilers/gcc-arm-none-eabi-10.3-2021.10/bin/../lib/gcc/arm-none-eabi/10.3.1/../../../../arm-none-eabi/lib/thumb/v7-m/nofp\libc.a(lib_a-exit.o) (_global_impure_ptr)
d:/opencli/compilers/gcc-arm-none-eabi-10.3-2021.10/bin/../lib/gcc/arm-none-eabi/10.3.1/../../../../arm-none-eabi/lib/thumb/v7-m/nofp\libc.a(lib_a-init.o)
                              d:/opencli/compilers/gcc-arm-none-eabi-10.3-2021.10/bin/../lib/gcc/arm-none-eabi/10.3.1/../../../../arm-none-eabi/lib/thumb/v7-m/nofp/crt0.o (__libc_init_array)
d:/opencli/compilers/gcc-arm-none-eabi-10.3-2021.10/bin/../lib/gcc/arm-none-eabi/10.3.1/../../../../arm-none-eabi/lib/thumb/v7-m/nofp\libc.a(lib_a-memcpy.o)
                              build\.objs\DAP_Link_for_JLinkOB\cross\arm\debug\DAP\src\DAP.c.o (memcpy)
d:/opencli/compilers/gcc-arm-none-eabi-10.3-2021.10/bin/../lib/gcc/arm-none-eabi/10.3.1/../../../../arm-none-eabi/lib/thumb/v7-m/nofp\libc.a(lib_a-memset.o)
                              d:/opencli/compilers/gcc-arm-none-eabi-10.3-2021.10/bin/../lib/gcc/arm-none-eabi/10.3.1/../../../../arm-none-eabi/lib/thumb/v7-m/nofp/crt0.o (memset)
d:/opencli/compilers/gcc-arm-none-eabi-10.3-2021.10/bin/../lib/gcc/arm-none-eabi/10.3.1/../../../../arm-none-eabi/lib/thumb/v7-m/nofp\libc.a(lib_a-__call_atexit.o)
                              d:/opencli/compilers/gcc-arm-none-eabi-10.3-2021.10/bin/../lib/gcc/arm-none-eabi/10.3.1/../../../../arm-none-eabi/lib/thumb/v7-m/nofp\libc.a(lib_a-exit.o) (__call_exitprocs)
d:/opencli/compilers/gcc-arm-none-eabi-10.3-2021.10/bin/../lib/gcc/arm-none-eabi/10.3.1/../../../../arm-none-eabi/lib/thumb/v7-m/nofp\libc.a(lib_a-atexit.o)
                              d:/opencli/compilers/gcc-arm-none-eabi-10.3-2021.10/bin/../lib/gcc/arm-none-eabi/10.3.1/../../../../arm-none-eabi/lib/thumb/v7-m/nofp\libc.a(lib_a-__call_atexit.o) (atexit)
d:/opencli/compilers/gcc-arm-none-eabi-10.3-2021.10/bin/../lib/gcc/arm-none-eabi/10.3.1/../../../../arm-none-eabi/lib/thumb/v7-m/nofp\libc.a(lib_a-fini.o)
                              d:/opencli/compilers/gcc-arm-none-eabi-10.3-2021.10/bin/../lib/gcc/arm-none-eabi/10.3.1/../../../../arm-none-eabi/lib/thumb/v7-m/nofp\libc.a(lib_a-__call_atexit.o) (__libc_fini_array)
d:/opencli/compilers/gcc-arm-none-eabi-10.3-2021.10/bin/../lib/gcc/arm-none-eabi/10.3.1/../../../../arm-none-eabi/lib/thumb/v7-m/nofp\libc.a(lib_a-lock.o)
                              d:/opencli/compilers/gcc-arm-none-eabi-10.3-2021.10/bin/../lib/gcc/arm-none-eabi/10.3.1/../../../../arm-none-eabi/lib/thumb/v7-m/nofp\libc.a(lib_a-__call_atexit.o) (__retarget_lock_acquire_recursive)
d:/opencli/compilers/gcc-arm-none-eabi-10.3-2021.10/bin/../lib/gcc/arm-none-eabi/10.3.1/../../../../arm-none-eabi/lib/thumb/v7-m/nofp\libc.a(lib_a-__atexit.o)
                              d:/opencli/compilers/gcc-arm-none-eabi-10.3-2021.10/bin/../lib/gcc/arm-none-eabi/10.3.1/../../../../arm-none-eabi/lib/thumb/v7-m/nofp\libc.a(lib_a-atexit.o) (__register_exitproc)

Discarded input sections

 .text          0x00000000        0x0 d:/opencli/compilers/gcc-arm-none-eabi-10.3-2021.10/bin/../lib/gcc/arm-none-eabi/10.3.1/thumb/v7-m/nofp/crti.o
 .data          0x00000000        0x0 d:/opencli/compilers/gcc-arm-none-eabi-10.3-2021.10/bin/../lib/gcc/arm-none-eabi/10.3.1/thumb/v7-m/nofp/crti.o
 .bss           0x00000000        0x0 d:/opencli/compilers/gcc-arm-none-eabi-10.3-2021.10/bin/../lib/gcc/arm-none-eabi/10.3.1/thumb/v7-m/nofp/crti.o
 .data          0x00000000        0x4 d:/opencli/compilers/gcc-arm-none-eabi-10.3-2021.10/bin/../lib/gcc/arm-none-eabi/10.3.1/thumb/v7-m/nofp/crtbegin.o
 .rodata        0x00000000       0x24 d:/opencli/compilers/gcc-arm-none-eabi-10.3-2021.10/bin/../lib/gcc/arm-none-eabi/10.3.1/thumb/v7-m/nofp/crtbegin.o
 .text          0x00000000       0x7c d:/opencli/compilers/gcc-arm-none-eabi-10.3-2021.10/bin/../lib/gcc/arm-none-eabi/10.3.1/../../../../arm-none-eabi/lib/thumb/v7-m/nofp/crt0.o
 .data          0x00000000        0x0 d:/opencli/compilers/gcc-arm-none-eabi-10.3-2021.10/bin/../lib/gcc/arm-none-eabi/10.3.1/../../../../arm-none-eabi/lib/thumb/v7-m/nofp/crt0.o
 .bss           0x00000000        0x0 d:/opencli/compilers/gcc-arm-none-eabi-10.3-2021.10/bin/../lib/gcc/arm-none-eabi/10.3.1/../../../../arm-none-eabi/lib/thumb/v7-m/nofp/crt0.o
[...]
Memory Configuration

Name             Origin             Length             Attributes
FLASH            0x08000000         0x00010000         xr
RAM              0x20000000         0x00005000         xrw
*default*        0x00000000         0xffffffff

Linker script and memory map

LOAD d:/opencli/compilers/gcc-arm-none-eabi-10.3-2021.10/bin/../lib/gcc/arm-none-eabi/10.3.1/thumb/v7-m/nofp/crti.o
LOAD d:/opencli/compilers/gcc-arm-none-eabi-10.3-2021.10/bin/../lib/gcc/arm-none-eabi/10.3.1/thumb/v7-m/nofp/crtbegin.o
LOAD d:/opencli/compilers/gcc-arm-none-eabi-10.3-2021.10/bin/../lib/gcc/arm-none-eabi/10.3.1/../../../../arm-none-eabi/lib/thumb/v7-m/nofp/crt0.o
LOAD build\.objs\DAP_Link_for_JLinkOB\cross\arm\debug\Startup.S.o
LOAD build\.objs\DAP_Link_for_JLinkOB\cross\arm\debug\DAP\src\DAP.c.o
LOAD build\.objs\DAP_Link_for_JLinkOB\cross\arm\debug\DAP\src\DAP_vendor.c.o
LOAD build\.objs\DAP_Link_for_JLinkOB\cross\arm\debug\DAP\src\JTAG_DP.c.o
LOAD build\.objs\DAP_Link_for_JLinkOB\cross\arm\debug\DAP\src\SWO.c.o
LOAD build\.objs\DAP_Link_for_JLinkOB\cross\arm\debug\DAP\src\SW_DP.c.o
LOAD build\.objs\DAP_Link_for_JLinkOB\cross\arm\debug\HAL\Src\stm32f1xx_hal.c.o
LOAD build\.objs\DAP_Link_for_JLinkOB\cross\arm\debug\HAL\Src\stm32f1xx_hal_cortex.c.o
LOAD build\.objs\DAP_Link_for_JLinkOB\cross\arm\debug\HAL\Src\stm32f1xx_hal_dma.c.o
LOAD build\.objs\DAP_Link_for_JLinkOB\cross\arm\debug\HAL\Src\stm32f1xx_hal_exti.c.o
LOAD build\.objs\DAP_Link_for_JLinkOB\cross\arm\debug\HAL\Src\stm32f1xx_hal_flash.c.o
LOAD build\.objs\DAP_Link_for_JLinkOB\cross\arm\debug\HAL\Src\stm32f1xx_hal_flash_ex.c.o
LOAD build\.objs\DAP_Link_for_JLinkOB\cross\arm\debug\HAL\Src\stm32f1xx_hal_gpio.c.o
LOAD build\.objs\DAP_Link_for_JLinkOB\cross\arm\debug\HAL\Src\stm32f1xx_hal_gpio_ex.c.o
LOAD build\.objs\DAP_Link_for_JLinkOB\cross\arm\debug\HAL\Src\stm32f1xx_hal_pcd.c.o
LOAD build\.objs\DAP_Link_for_JLinkOB\cross\arm\debug\HAL\Src\stm32f1xx_hal_pcd_ex.c.o
LOAD build\.objs\DAP_Link_for_JLinkOB\cross\arm\debug\HAL\Src\stm32f1xx_hal_pwr.c.o
LOAD build\.objs\DAP_Link_for_JLinkOB\cross\arm\debug\HAL\Src\stm32f1xx_hal_rcc.c.o
LOAD build\.objs\DAP_Link_for_JLinkOB\cross\arm\debug\HAL\Src\stm32f1xx_hal_rcc_ex.c.o
LOAD build\.objs\DAP_Link_for_JLinkOB\cross\arm\debug\HAL\Src\stm32f1xx_hal_spi.c.o
LOAD build\.objs\DAP_Link_for_JLinkOB\cross\arm\debug\HAL\Src\stm32f1xx_hal_tim.c.o
LOAD build\.objs\DAP_Link_for_JLinkOB\cross\arm\debug\HAL\Src\stm32f1xx_hal_tim_ex.c.o
LOAD build\.objs\DAP_Link_for_JLinkOB\cross\arm\debug\HAL\Src\stm32f1xx_hal_uart.c.o
LOAD build\.objs\DAP_Link_for_JLinkOB\cross\arm\debug\HAL\Src\stm32f1xx_ll_usb.c.o
LOAD build\.objs\DAP_Link_for_JLinkOB\cross\arm\debug\MAIN\USBD_User_HID_0.c.o
LOAD build\.objs\DAP_Link_for_JLinkOB\cross\arm\debug\MAIN\main.c.o
LOAD build\.objs\DAP_Link_for_JLinkOB\cross\arm\debug\MAIN\dev\stm32f1xx_hal_msp.c.o
LOAD build\.objs\DAP_Link_for_JLinkOB\cross\arm\debug\MAIN\dev\stm32f1xx_it.c.o
LOAD build\.objs\DAP_Link_for_JLinkOB\cross\arm\debug\MAIN\dev\system_stm32f1xx.c.o
LOAD build\.objs\DAP_Link_for_JLinkOB\cross\arm\debug\MAIN\usb_adapter\App\usbd_custom_hid_if.c.o
LOAD build\.objs\DAP_Link_for_JLinkOB\cross\arm\debug\MAIN\usb_adapter\App\usbd_desc.c.o
LOAD build\.objs\DAP_Link_for_JLinkOB\cross\arm\debug\MAIN\usb_adapter\App\usb_device.c.o
LOAD build\.objs\DAP_Link_for_JLinkOB\cross\arm\debug\MAIN\usb_adapter\Target\usbd_conf.c.o
LOAD build\.objs\DAP_Link_for_JLinkOB\cross\arm\debug\MAIN\wrap\device.c.o
LOAD build\.objs\DAP_Link_for_JLinkOB\cross\arm\debug\USB\Class\CustomHID\Src\usbd_customhid.c.o
LOAD build\.objs\DAP_Link_for_JLinkOB\cross\arm\debug\USB\Core\Src\usbd_core.c.o
LOAD build\.objs\DAP_Link_for_JLinkOB\cross\arm\debug\USB\Core\Src\usbd_ctlreq.c.o
LOAD build\.objs\DAP_Link_for_JLinkOB\cross\arm\debug\USB\Core\Src\usbd_ioreq.c.o
LOAD d:/opencli/compilers/gcc-arm-none-eabi-10.3-2021.10/bin/../lib/gcc/arm-none-eabi/10.3.1/../../../../arm-none-eabi/lib/thumb/v7-m/nofp\libstdc++.a
LOAD d:/opencli/compilers/gcc-arm-none-eabi-10.3-2021.10/bin/../lib/gcc/arm-none-eabi/10.3.1/../../../../arm-none-eabi/lib/thumb/v7-m/nofp\libm.a
LOAD d:/opencli/compilers/gcc-arm-none-eabi-10.3-2021.10/bin/../lib/gcc/arm-none-eabi/10.3.1/../../../../arm-none-eabi/lib/thumb/v7-m/nofp\libc.a
START GROUP
LOAD d:/opencli/compilers/gcc-arm-none-eabi-10.3-2021.10/bin/../lib/gcc/arm-none-eabi/10.3.1/thumb/v7-m/nofp\libgcc.a
LOAD d:/opencli/compilers/gcc-arm-none-eabi-10.3-2021.10/bin/../lib/gcc/arm-none-eabi/10.3.1/../../../../arm-none-eabi/lib/thumb/v7-m/nofp\libc.a
END GROUP
LOAD d:/opencli/compilers/gcc-arm-none-eabi-10.3-2021.10/bin/../lib/gcc/arm-none-eabi/10.3.1/thumb/v7-m/nofp/crtend.o
LOAD d:/opencli/compilers/gcc-arm-none-eabi-10.3-2021.10/bin/../lib/gcc/arm-none-eabi/10.3.1/thumb/v7-m/nofp/crtn.o
                0x00000000                _Min_Heap_Size = 0x0
                0x00000400                _Min_Stack_Size = 0x400

.text           0x08000000     0x8468
 *(.isr_vector)
 .isr_vector    0x08000000       0x44 build\.objs\DAP_Link_for_JLinkOB\cross\arm\debug\Startup.S.o
                0x08000000                __isr_vector
 *(.text*)
 .text          0x08000044       0x40 d:/opencli/compilers/gcc-arm-none-eabi-10.3-2021.10/bin/../lib/gcc/arm-none-eabi/10.3.1/thumb/v7-m/nofp/crtbegin.o
 .text          0x08000084       0x60 build\.objs\DAP_Link_for_JLinkOB\cross\arm\debug\Startup.S.o
                0x08000084                Reset_Handler
                0x080000e2                DEF_IRQHandler
                0x080000e2                Default_Handler
 .text.DAP_GetVendorString
                0x080000e4       0x14 build\.objs\DAP_Link_for_JLinkOB\cross\arm\debug\DAP\src\DAP.c.o
 .text.DAP_GetProductString
                0x080000f8       0x14 build\.objs\DAP_Link_for_JLinkOB\cross\arm\debug\DAP\src\DAP.c.o
 .text.DAP_GetSerNumString
                0x0800010c       0x14 build\.objs\DAP_Link_for_JLinkOB\cross\arm\debug\DAP\src\DAP.c.o
 .text.PORT_JTAG_SETUP
                0x08000120       0x7c build\.objs\DAP_Link_for_JLinkOB\cross\arm\debug\DAP\src\DAP.c.o
 .text.PORT_SWD_SETUP
                0x0800019c       0x7c build\.objs\DAP_Link_for_JLinkOB\cross\arm\debug\DAP\src\DAP.c.o
 .text.PORT_OFF
                0x08000218       0x3c build\.objs\DAP_Link_for_JLinkOB\cross\arm\debug\DAP\src\DAP.c.o
 .text.PIN_SWCLK_TCK_IN
                0x08000254       0x24 build\.objs\DAP_Link_for_JLinkOB\cross\arm\debug\DAP\src\DAP.c.o
 .text.PIN_SWCLK_TCK_SET
                0x08000278       0x18 build\.objs\DAP_Link_for_JLinkOB\cross\arm\debug\DAP\src\DAP.c.o
 .text.PIN_SWCLK_TCK_CLR
                0x08000290       0x18 build\.objs\DAP_Link_for_JLinkOB\cross\arm\debug\DAP\src\DAP.c.o
 .text.PIN_SWDIO_TMS_IN
                0x080002a8       0x24 build\.objs\DAP_Link_for_JLinkOB\cross\arm\debug\DAP\src\DAP.c.o
 .text.PIN_SWDIO_TMS_SET
                0x080002cc       0x18 build\.objs\DAP_Link_for_JLinkOB\cross\arm\debug\DAP\src\DAP.c.o
 .text.PIN_SWDIO_TMS_CLR
                0x080002e4       0x18 build\.objs\DAP_Link_for_JLinkOB\cross\arm\debug\DAP\src\DAP.c.o
 .text.PIN_SWDIO_OUT_ENABLE
                0x080002fc       0x3c build\.objs\DAP_Link_for_JLinkOB\cross\arm\debug\DAP\src\DAP.c.o
 .text.PIN_SWDIO_OUT_DISABLE
                0x08000338       0x3c build\.objs\DAP_Link_for_JLinkOB\cross\arm\debug\DAP\src\DAP.c.o
 .text.PIN_TDI_IN
                0x08000374       0x24 build\.objs\DAP_Link_for_JLinkOB\cross\arm\debug\DAP\src\DAP.c.o
 .text.PIN_TDI_OUT
                0x08000398       0x34 build\.objs\DAP_Link_for_JLinkOB\cross\arm\debug\DAP\src\DAP.c.o
 .text.PIN_TDO_IN
                0x080003cc       0x24 build\.objs\DAP_Link_for_JLinkOB\cross\arm\debug\DAP\src\DAP.c.o
 .text.PIN_nTRST_IN
                0x080003f0        0xe build\.objs\DAP_Link_for_JLinkOB\cross\arm\debug\DAP\src\DAP.c.o
 .text.PIN_nTRST_OUT
                0x080003fe       0x12 build\.objs\DAP_Link_for_JLinkOB\cross\arm\debug\DAP\src\DAP.c.o
 .text.PIN_nRESET_IN
                0x08000410       0x24 build\.objs\DAP_Link_for_JLinkOB\cross\arm\debug\DAP\src\DAP.c.o
 .text.PIN_nRESET_OUT
                0x08000434       0x7c build\.objs\DAP_Link_for_JLinkOB\cross\arm\debug\DAP\src\DAP.c.o
 .text.LED_CONNECTED_OUT
                0x080004b0       0x34 build\.objs\DAP_Link_for_JLinkOB\cross\arm\debug\DAP\src\DAP.c.o
 .text.LED_RUNNING_OUT
                0x080004e4       0x12 build\.objs\DAP_Link_for_JLinkOB\cross\arm\debug\DAP\src\DAP.c.o
 *fill*         0x080004f6        0x2 
 .text.TIMESTAMP_GET
                0x080004f8       0x14 build\.objs\DAP_Link_for_JLinkOB\cross\arm\debug\DAP\src\DAP.c.o
 .text.DAP_SETUP
                0x0800050c       0x30 build\.objs\DAP_Link_for_JLinkOB\cross\arm\debug\DAP\src\DAP.c.o
 .text.RESET_TARGET
                0x0800053c        0xe build\.objs\DAP_Link_for_JLinkOB\cross\arm\debug\DAP\src\DAP.c.o
 .text.PIN_DELAY_SLOW
                0x0800054a       0x26 build\.objs\DAP_Link_for_JLinkOB\cross\arm\debug\DAP\src\DAP.c.o
 .text.DAP_Info
                0x08000570      0x12c build\.objs\DAP_Link_for_JLinkOB\cross\arm\debug\DAP\src\DAP.c.o
 .text.Delayms  0x0800069c       0x22 build\.objs\DAP_Link_for_JLinkOB\cross\arm\debug\DAP\src\DAP.c.o
                0x0800069c                Delayms
 *fill*         0x080006be        0x2 
 .text.DAP_Delay
                0x080006c0       0x44 build\.objs\DAP_Link_for_JLinkOB\cross\arm\debug\DAP\src\DAP.c.o
 .text.DAP_HostStatus
                0x08000704       0x5c build\.objs\DAP_Link_for_JLinkOB\cross\arm\debug\DAP\src\DAP.c.o
 .text.DAP_Connect
                0x08000760       0x64 build\.objs\DAP_Link_for_JLinkOB\cross\arm\debug\DAP\src\DAP.c.o
 .text.DAP_Disconnect
                0x080007c4       0x28 build\.objs\DAP_Link_for_JLinkOB\cross\arm\debug\DAP\src\DAP.c.o
 .text.DAP_ResetTarget
                0x080007ec       0x24 build\.objs\DAP_Link_for_JLinkOB\cross\arm\debug\DAP\src\DAP.c.o
 .text.DAP_SWJ_Pins
                0x08000810      0x1cc build\.objs\DAP_Link_for_JLinkOB\cross\arm\debug\DAP\src\DAP.c.o
 .text.DAP_SWJ_Clock
                0x080009dc       0xb8 build\.objs\DAP_Link_for_JLinkOB\cross\arm\debug\DAP\src\DAP.c.o
 .text.DAP_SWJ_Sequence
                0x08000a94       0x48 build\.objs\DAP_Link_for_JLinkOB\cross\arm\debug\DAP\src\DAP.c.o
 .text.DAP_SWD_Configure
                0x08000adc       0x48 build\.objs\DAP_Link_for_JLinkOB\cross\arm\debug\DAP\src\DAP.c.o
 .text.DAP_SWD_Sequence
                0x08000b24       0xc2 build\.objs\DAP_Link_for_JLinkOB\cross\arm\debug\DAP\src\DAP.c.o
 .text.DAP_JTAG_Sequence
                0x08000be6       0x9c build\.objs\DAP_Link_for_JLinkOB\cross\arm\debug\DAP\src\DAP.c.o
 *fill*         0x08000c82        0x2 
 .text.DAP_JTAG_Configure
                0x08000c84       0xc0 build\.objs\DAP_Link_for_JLinkOB\cross\arm\debug\DAP\src\DAP.c.o
 .text.DAP_JTAG_IDCode
                0x08000d44       0x8c build\.objs\DAP_Link_for_JLinkOB\cross\arm\debug\DAP\src\DAP.c.o
 .text.DAP_TransferConfigure
                0x08000dd0       0x64 build\.objs\DAP_Link_for_JLinkOB\cross\arm\debug\DAP\src\DAP.c.o
 .text.DAP_SWD_Transfer
                0x08000e34      0x630 build\.objs\DAP_Link_for_JLinkOB\cross\arm\debug\DAP\src\DAP.c.o
 .text.DAP_JTAG_Transfer
                0x08001464      0x5f8 build\.objs\DAP_Link_for_JLinkOB\cross\arm\debug\DAP\src\DAP.c.o
 .text.DAP_Dummy_Transfer
                0x08001a5c       0x7c build\.objs\DAP_Link_for_JLinkOB\cross\arm\debug\DAP\src\DAP.c.o
 .text.DAP_Transfer
                0x08001ad8       0x4c build\.objs\DAP_Link_for_JLinkOB\cross\arm\debug\DAP\src\DAP.c.o
 .text.DAP_SWD_TransferBlock
                0x08001b24      0x218 build\.objs\DAP_Link_for_JLinkOB\cross\arm\debug\DAP\src\DAP.c.o
 .text.DAP_JTAG_TransferBlock
                0x08001d3c      0x24c build\.objs\DAP_Link_for_JLinkOB\cross\arm\debug\DAP\src\DAP.c.o
 .text.DAP_TransferBlock
                0x08001f88       0x90 build\.objs\DAP_Link_for_JLinkOB\cross\arm\debug\DAP\src\DAP.c.o
 .text.DAP_SWD_WriteAbort
                0x08002018       0x4e build\.objs\DAP_Link_for_JLinkOB\cross\arm\debug\DAP\src\DAP.c.o
 *fill*         0x08002066        0x2 
 .text.DAP_JTAG_WriteAbort
                0x08002068       0x70 build\.objs\DAP_Link_for_JLinkOB\cross\arm\debug\DAP\src\DAP.c.o
 .text.DAP_WriteAbort
                0x080020d8       0x50 build\.objs\DAP_Link_for_JLinkOB\cross\arm\debug\DAP\src\DAP.c.o
 .text.DAP_ProcessCommand
                0x08002128      0x1c8 build\.objs\DAP_Link_for_JLinkOB\cross\arm\debug\DAP\src\DAP.c.o
                0x08002128                DAP_ProcessCommand
 .text.DAP_ExecuteCommand
                0x080022f0       0x8c build\.objs\DAP_Link_for_JLinkOB\cross\arm\debug\DAP\src\DAP.c.o
                0x080022f0                DAP_ExecuteCommand
 .text.DAP_Setup
                0x0800237c       0x4c build\.objs\DAP_Link_for_JLinkOB\cross\arm\debug\DAP\src\DAP.c.o
                0x0800237c                DAP_Setup
 .text.DAP_ProcessVendorCommand
                0x080023c8       0xbc build\.objs\DAP_Link_for_JLinkOB\cross\arm\debug\DAP\src\DAP_vendor.c.o
                0x080023c8                DAP_ProcessVendorCommand
 .text.PIN_SWCLK_TCK_SET
                0x08002484       0x18 build\.objs\DAP_Link_for_JLinkOB\cross\arm\debug\DAP\src\JTAG_DP.c.o
 .text.PIN_SWCLK_TCK_CLR
                0x0800249c       0x18 build\.objs\DAP_Link_for_JLinkOB\cross\arm\debug\DAP\src\JTAG_DP.c.o
 .text.PIN_SWDIO_TMS_SET
                0x080024b4       0x18 build\.objs\DAP_Link_for_JLinkOB\cross\arm\debug\DAP\src\JTAG_DP.c.o
 .text.PIN_SWDIO_TMS_CLR
                0x080024cc       0x18 build\.objs\DAP_Link_for_JLinkOB\cross\arm\debug\DAP\src\JTAG_DP.c.o
 .text.PIN_TDI_OUT
                0x080024e4       0x34 build\.objs\DAP_Link_for_JLinkOB\cross\arm\debug\DAP\src\JTAG_DP.c.o
 .text.PIN_TDO_IN
                0x08002518       0x24 build\.objs\DAP_Link_for_JLinkOB\cross\arm\debug\DAP\src\JTAG_DP.c.o
 .text.TIMESTAMP_GET
                0x0800253c       0x14 build\.objs\DAP_Link_for_JLinkOB\cross\arm\debug\DAP\src\JTAG_DP.c.o
 .text.PIN_DELAY_SLOW
                0x08002550       0x26 build\.objs\DAP_Link_for_JLinkOB\cross\arm\debug\DAP\src\JTAG_DP.c.o
 .text.PIN_DELAY_FAST
                0x08002576        0xc build\.objs\DAP_Link_for_JLinkOB\cross\arm\debug\DAP\src\JTAG_DP.c.o
 *fill*         0x08002582        0x2 
 .text.JTAG_Sequence
                0x08002584       0xd4 build\.objs\DAP_Link_for_JLinkOB\cross\arm\debug\DAP\src\JTAG_DP.c.o
                0x08002584                JTAG_Sequence
 .text.JTAG_IR_Fast
                0x08002658      0x17c build\.objs\DAP_Link_for_JLinkOB\cross\arm\debug\DAP\src\JTAG_DP.c.o
 .text.JTAG_TransferFast
                0x080027d4      0x2fc build\.objs\DAP_Link_for_JLinkOB\cross\arm\debug\DAP\src\JTAG_DP.c.o
 .text.JTAG_IR_Slow
                0x08002ad0      0x20c build\.objs\DAP_Link_for_JLinkOB\cross\arm\debug\DAP\src\JTAG_DP.c.o
 .text.JTAG_TransferSlow
                0x08002cdc      0x400 build\.objs\DAP_Link_for_JLinkOB\cross\arm\debug\DAP\src\JTAG_DP.c.o
 .text.JTAG_ReadIDCode
                0x080030dc      0x154 build\.objs\DAP_Link_for_JLinkOB\cross\arm\debug\DAP\src\JTAG_DP.c.o
                0x080030dc                JTAG_ReadIDCode
 .text.JTAG_WriteAbort
                0x08003230      0x228 build\.objs\DAP_Link_for_JLinkOB\cross\arm\debug\DAP\src\JTAG_DP.c.o
                0x08003230                JTAG_WriteAbort
 .text.JTAG_IR  0x08003458       0x2c build\.objs\DAP_Link_for_JLinkOB\cross\arm\debug\DAP\src\JTAG_DP.c.o
                0x08003458                JTAG_IR
 .text.JTAG_Transfer
                0x08003484       0x34 build\.objs\DAP_Link_for_JLinkOB\cross\arm\debug\DAP\src\JTAG_DP.c.o
                0x08003484                JTAG_Transfer
 .text.PIN_SWCLK_TCK_SET
                0x080034b8       0x18 build\.objs\DAP_Link_for_JLinkOB\cross\arm\debug\DAP\src\SW_DP.c.o
 .text.PIN_SWCLK_TCK_CLR
                0x080034d0       0x18 build\.objs\DAP_Link_for_JLinkOB\cross\arm\debug\DAP\src\SW_DP.c.o
 .text.PIN_SWDIO_TMS_SET
                0x080034e8       0x18 build\.objs\DAP_Link_for_JLinkOB\cross\arm\debug\DAP\src\SW_DP.c.o
 .text.PIN_SWDIO_TMS_CLR
                0x08003500       0x18 build\.objs\DAP_Link_for_JLinkOB\cross\arm\debug\DAP\src\SW_DP.c.o
 .text.PIN_SWDIO_IN
                0x08003518       0x24 build\.objs\DAP_Link_for_JLinkOB\cross\arm\debug\DAP\src\SW_DP.c.o
 .text.PIN_SWDIO_OUT
                0x0800353c       0x34 build\.objs\DAP_Link_for_JLinkOB\cross\arm\debug\DAP\src\SW_DP.c.o
 .text.PIN_SWDIO_OUT_ENABLE
                0x08003570       0x3c build\.objs\DAP_Link_for_JLinkOB\cross\arm\debug\DAP\src\SW_DP.c.o
 .text.PIN_SWDIO_OUT_DISABLE
                0x080035ac       0x3c build\.objs\DAP_Link_for_JLinkOB\cross\arm\debug\DAP\src\SW_DP.c.o
 .text.TIMESTAMP_GET
                0x080035e8       0x14 build\.objs\DAP_Link_for_JLinkOB\cross\arm\debug\DAP\src\SW_DP.c.o
 .text.PIN_DELAY_SLOW
                0x080035fc       0x26 build\.objs\DAP_Link_for_JLinkOB\cross\arm\debug\DAP\src\SW_DP.c.o
 .text.PIN_DELAY_FAST
                0x08003622        0xc build\.objs\DAP_Link_for_JLinkOB\cross\arm\debug\DAP\src\SW_DP.c.o
 *fill*         0x0800362e        0x2 
 .text.SWJ_Sequence
                0x08003630       0x7c build\.objs\DAP_Link_for_JLinkOB\cross\arm\debug\DAP\src\SW_DP.c.o
                0x08003630                SWJ_Sequence
 .text.SWD_Sequence
                0x080036ac      0x100 build\.objs\DAP_Link_for_JLinkOB\cross\arm\debug\DAP\src\SW_DP.c.o
                0x080036ac                SWD_Sequence
 .text.SWD_TransferFast
                0x080037ac      0x3f0 build\.objs\DAP_Link_for_JLinkOB\cross\arm\debug\DAP\src\SW_DP.c.o
 .text.SWD_TransferSlow
                0x08003b9c      0x504 build\.objs\DAP_Link_for_JLinkOB\cross\arm\debug\DAP\src\SW_DP.c.o
 .text.SWD_Transfer
                0x080040a0       0x34 build\.objs\DAP_Link_for_JLinkOB\cross\arm\debug\DAP\src\SW_DP.c.o
                0x080040a0                SWD_Transfer
 .text.HAL_Init
                0x080040d4       0x2c build\.objs\DAP_Link_for_JLinkOB\cross\arm\debug\HAL\Src\stm32f1xx_hal.c.o
                0x080040d4                HAL_Init
 .text.HAL_InitTick
                0x08004100       0x60 build\.objs\DAP_Link_for_JLinkOB\cross\arm\debug\HAL\Src\stm32f1xx_hal.c.o
                0x08004100                HAL_InitTick
 .text.HAL_IncTick
                0x08004160       0x24 build\.objs\DAP_Link_for_JLinkOB\cross\arm\debug\HAL\Src\stm32f1xx_hal.c.o
                0x08004160                HAL_IncTick
 .text.HAL_GetTick
                0x08004184       0x14 build\.objs\DAP_Link_for_JLinkOB\cross\arm\debug\HAL\Src\stm32f1xx_hal.c.o
                0x08004184                HAL_GetTick
 .text.NVIC_SetPriorityGrouping
                0x08004198       0x48 build\.objs\DAP_Link_for_JLinkOB\cross\arm\debug\HAL\Src\stm32f1xx_hal_cortex.c.o
 .text.NVIC_GetPriorityGrouping
                0x080041e0       0x1c build\.objs\DAP_Link_for_JLinkOB\cross\arm\debug\HAL\Src\stm32f1xx_hal_cortex.c.o
 .text.NVIC_EnableIRQ
                0x080041fc       0x30 build\.objs\DAP_Link_for_JLinkOB\cross\arm\debug\HAL\Src\stm32f1xx_hal_cortex.c.o
 .text.NVIC_SetPriority
                0x0800422c       0x54 build\.objs\DAP_Link_for_JLinkOB\cross\arm\debug\HAL\Src\stm32f1xx_hal_cortex.c.o
 .text.NVIC_EncodePriority
                0x08004280       0x64 build\.objs\DAP_Link_for_JLinkOB\cross\arm\debug\HAL\Src\stm32f1xx_hal_cortex.c.o
 .text.SysTick_Config
                0x080042e4       0x44 build\.objs\DAP_Link_for_JLinkOB\cross\arm\debug\HAL\Src\stm32f1xx_hal_cortex.c.o
 .text.HAL_NVIC_SetPriorityGrouping
                0x08004328       0x16 build\.objs\DAP_Link_for_JLinkOB\cross\arm\debug\HAL\Src\stm32f1xx_hal_cortex.c.o
                0x08004328                HAL_NVIC_SetPriorityGrouping
 .text.HAL_NVIC_SetPriority
                0x0800433e       0x38 build\.objs\DAP_Link_for_JLinkOB\cross\arm\debug\HAL\Src\stm32f1xx_hal_cortex.c.o
                0x0800433e                HAL_NVIC_SetPriority
 .text.HAL_NVIC_EnableIRQ
                0x08004376       0x1c build\.objs\DAP_Link_for_JLinkOB\cross\arm\debug\HAL\Src\stm32f1xx_hal_cortex.c.o
                0x08004376                HAL_NVIC_EnableIRQ
 .text.HAL_SYSTICK_Config
                0x08004392       0x18 build\.objs\DAP_Link_for_JLinkOB\cross\arm\debug\HAL\Src\stm32f1xx_hal_cortex.c.o
                0x08004392                HAL_SYSTICK_Config
 *fill*         0x080043aa        0x2 
 .text.HAL_GPIO_Init
                0x080043ac      0x308 build\.objs\DAP_Link_for_JLinkOB\cross\arm\debug\HAL\Src\stm32f1xx_hal_gpio.c.o
                0x080043ac                HAL_GPIO_Init
 .text.HAL_GPIO_WritePin
                0x080046b4       0x30 build\.objs\DAP_Link_for_JLinkOB\cross\arm\debug\HAL\Src\stm32f1xx_hal_gpio.c.o
                0x080046b4                HAL_GPIO_WritePin
 .text.HAL_PCD_Init
                0x080046e4      0x1c2 build\.objs\DAP_Link_for_JLinkOB\cross\arm\debug\HAL\Src\stm32f1xx_hal_pcd.c.o
                0x080046e4                HAL_PCD_Init
 .text.HAL_PCD_Start
                0x080048a6       0x4c build\.objs\DAP_Link_for_JLinkOB\cross\arm\debug\HAL\Src\stm32f1xx_hal_pcd.c.o
                0x080048a6                HAL_PCD_Start
 .text.HAL_PCD_EP_Open
                0x080048f2       0xc0 build\.objs\DAP_Link_for_JLinkOB\cross\arm\debug\HAL\Src\stm32f1xx_hal_pcd.c.o
                0x080048f2                HAL_PCD_EP_Open
 .text.HAL_PCD_EP_Close
                0x080049b2       0x84 build\.objs\DAP_Link_for_JLinkOB\cross\arm\debug\HAL\Src\stm32f1xx_hal_pcd.c.o
                0x080049b2                HAL_PCD_EP_Close
 .text.HAL_PCD_EP_Receive
                0x08004a36       0x74 build\.objs\DAP_Link_for_JLinkOB\cross\arm\debug\HAL\Src\stm32f1xx_hal_pcd.c.o
                0x08004a36                HAL_PCD_EP_Receive
 .text.HAL_PCD_EP_Transmit
                0x08004aaa       0x72 build\.objs\DAP_Link_for_JLinkOB\cross\arm\debug\HAL\Src\stm32f1xx_hal_pcd.c.o
                0x08004aaa                HAL_PCD_EP_Transmit
 .text.HAL_PCD_EP_SetStall
                0x08004b1c       0xb4 build\.objs\DAP_Link_for_JLinkOB\cross\arm\debug\HAL\Src\stm32f1xx_hal_pcd.c.o
                0x08004b1c                HAL_PCD_EP_SetStall
 .text.HAL_PCDEx_PMAConfig
                0x08004bd0       0x78 build\.objs\DAP_Link_for_JLinkOB\cross\arm\debug\HAL\Src\stm32f1xx_hal_pcd_ex.c.o
                0x08004bd0                HAL_PCDEx_PMAConfig
 .text.HAL_RCC_OscConfig
                0x08004c48      0x504 build\.objs\DAP_Link_for_JLinkOB\cross\arm\debug\HAL\Src\stm32f1xx_hal_rcc.c.o
                0x08004c48                HAL_RCC_OscConfig
 .text.HAL_RCC_ClockConfig
                0x0800514c      0x1d4 build\.objs\DAP_Link_for_JLinkOB\cross\arm\debug\HAL\Src\stm32f1xx_hal_rcc.c.o
                0x0800514c                HAL_RCC_ClockConfig
 .text.HAL_RCC_GetSysClockFreq
                0x08005320       0xbc build\.objs\DAP_Link_for_JLinkOB\cross\arm\debug\HAL\Src\stm32f1xx_hal_rcc.c.o
                0x08005320                HAL_RCC_GetSysClockFreq
 .text.HAL_RCC_GetHCLKFreq
                0x080053dc       0x14 build\.objs\DAP_Link_for_JLinkOB\cross\arm\debug\HAL\Src\stm32f1xx_hal_rcc.c.o
                0x080053dc                HAL_RCC_GetHCLKFreq
 .text.HAL_RCC_GetPCLK1Freq
                0x080053f0       0x28 build\.objs\DAP_Link_for_JLinkOB\cross\arm\debug\HAL\Src\stm32f1xx_hal_rcc.c.o
                0x080053f0                HAL_RCC_GetPCLK1Freq
 .text.HAL_RCC_GetPCLK2Freq
                0x08005418       0x28 build\.objs\DAP_Link_for_JLinkOB\cross\arm\debug\HAL\Src\stm32f1xx_hal_rcc.c.o
                0x08005418                HAL_RCC_GetPCLK2Freq
 .text.RCC_Delay
                0x08005440       0x40 build\.objs\DAP_Link_for_JLinkOB\cross\arm\debug\HAL\Src\stm32f1xx_hal_rcc.c.o
 .text.HAL_RCCEx_PeriphCLKConfig
                0x08005480      0x16c build\.objs\DAP_Link_for_JLinkOB\cross\arm\debug\HAL\Src\stm32f1xx_hal_rcc_ex.c.o
                0x08005480                HAL_RCCEx_PeriphCLKConfig
 .text.HAL_SPI_Init
                0x080055ec       0xc2 build\.objs\DAP_Link_for_JLinkOB\cross\arm\debug\HAL\Src\stm32f1xx_hal_spi.c.o
                0x080055ec                HAL_SPI_Init
 .text.HAL_UART_Init
                0x080056ae       0x9a build\.objs\DAP_Link_for_JLinkOB\cross\arm\debug\HAL\Src\stm32f1xx_hal_uart.c.o
                0x080056ae                HAL_UART_Init
 .text.UART_SetConfig
                0x08005748      0x1b4 build\.objs\DAP_Link_for_JLinkOB\cross\arm\debug\HAL\Src\stm32f1xx_hal_uart.c.o
 .text.USB_CoreInit
                0x080058fc       0x20 build\.objs\DAP_Link_for_JLinkOB\cross\arm\debug\HAL\Src\stm32f1xx_ll_usb.c.o
                0x080058fc                USB_CoreInit
 .text.USB_EnableGlobalInt
                0x0800591c       0x2e build\.objs\DAP_Link_for_JLinkOB\cross\arm\debug\HAL\Src\stm32f1xx_ll_usb.c.o
                0x0800591c                USB_EnableGlobalInt
 .text.USB_DisableGlobalInt
                0x0800594a       0x38 build\.objs\DAP_Link_for_JLinkOB\cross\arm\debug\HAL\Src\stm32f1xx_ll_usb.c.o
                0x0800594a                USB_DisableGlobalInt
 .text.USB_SetCurrentMode
                0x08005982       0x18 build\.objs\DAP_Link_for_JLinkOB\cross\arm\debug\HAL\Src\stm32f1xx_ll_usb.c.o
                0x08005982                USB_SetCurrentMode
 .text.USB_DevInit
                0x0800599a       0x48 build\.objs\DAP_Link_for_JLinkOB\cross\arm\debug\HAL\Src\stm32f1xx_ll_usb.c.o
                0x0800599a                USB_DevInit
 *fill*         0x080059e2        0x2 
 .text.USB_ActivateEndpoint
                0x080059e4      0x5dc build\.objs\DAP_Link_for_JLinkOB\cross\arm\debug\HAL\Src\stm32f1xx_ll_usb.c.o
                0x080059e4                USB_ActivateEndpoint
 .text.USB_DeactivateEndpoint
                0x08005fc0      0x32c build\.objs\DAP_Link_for_JLinkOB\cross\arm\debug\HAL\Src\stm32f1xx_ll_usb.c.o
                0x08005fc0                USB_DeactivateEndpoint
 .text.USB_EPStartXfer
                0x080062ec      0x570 build\.objs\DAP_Link_for_JLinkOB\cross\arm\debug\HAL\Src\stm32f1xx_ll_usb.c.o
                0x080062ec                USB_EPStartXfer
 .text.USB_EPSetStall
                0x0800685c       0x84 build\.objs\DAP_Link_for_JLinkOB\cross\arm\debug\HAL\Src\stm32f1xx_ll_usb.c.o
                0x0800685c                USB_EPSetStall
 .text.USB_DevConnect
                0x080068e0       0x14 build\.objs\DAP_Link_for_JLinkOB\cross\arm\debug\HAL\Src\stm32f1xx_ll_usb.c.o
                0x080068e0                USB_DevConnect
 .text.USB_DevDisconnect
                0x080068f4       0x14 build\.objs\DAP_Link_for_JLinkOB\cross\arm\debug\HAL\Src\stm32f1xx_ll_usb.c.o
                0x080068f4                USB_DevDisconnect
 .text.USB_EP0_OutStart
                0x08006908       0x16 build\.objs\DAP_Link_for_JLinkOB\cross\arm\debug\HAL\Src\stm32f1xx_ll_usb.c.o
                0x08006908                USB_EP0_OutStart
 .text.USB_WritePMA
                0x0800691e       0x8a build\.objs\DAP_Link_for_JLinkOB\cross\arm\debug\HAL\Src\stm32f1xx_ll_usb.c.o
                0x0800691e                USB_WritePMA
 .text.USBD_HID0_Initialize
                0x080069a8       0x68 build\.objs\DAP_Link_for_JLinkOB\cross\arm\debug\MAIN\USBD_User_HID_0.c.o
                0x080069a8                USBD_HID0_Initialize
 .text.USBD_HID0_Uninitialize
                0x08006a10        0xc build\.objs\DAP_Link_for_JLinkOB\cross\arm\debug\MAIN\USBD_User_HID_0.c.o
                0x08006a10                USBD_HID0_Uninitialize
 .text.USBD_HID0_GetReport
                0x08006a1c       0xb0 build\.objs\DAP_Link_for_JLinkOB\cross\arm\debug\MAIN\USBD_User_HID_0.c.o
                0x08006a1c                USBD_HID0_GetReport
 .text.USBD_HID0_SetReport
                0x08006acc       0xcc build\.objs\DAP_Link_for_JLinkOB\cross\arm\debug\MAIN\USBD_User_HID_0.c.o
                0x08006acc                USBD_HID0_SetReport
 .text.DAP_Thread
                0x08006b98      0x18c build\.objs\DAP_Link_for_JLinkOB\cross\arm\debug\MAIN\USBD_User_HID_0.c.o
                0x08006b98                DAP_Thread
 .text.LED_CONNECTED_OUT
                0x08006d24       0x34 build\.objs\DAP_Link_for_JLinkOB\cross\arm\debug\MAIN\main.c.o
 .text.LED_RUNNING_OUT
                0x08006d58       0x12 build\.objs\DAP_Link_for_JLinkOB\cross\arm\debug\MAIN\main.c.o
 *fill*         0x08006d6a        0x2 
 .text.app_main
                0x08006d6c       0x60 build\.objs\DAP_Link_for_JLinkOB\cross\arm\debug\MAIN\main.c.o
                0x08006d6c                app_main
 .text.main     0x08006dcc       0x20 build\.objs\DAP_Link_for_JLinkOB\cross\arm\debug\MAIN\main.c.o
                0x08006dcc                main
 .text.HAL_MspInit
                0x08006dec       0x64 build\.objs\DAP_Link_for_JLinkOB\cross\arm\debug\MAIN\dev\stm32f1xx_hal_msp.c.o
                0x08006dec                HAL_MspInit
 .text.HAL_SPI_MspInit
                0x08006e50       0xa4 build\.objs\DAP_Link_for_JLinkOB\cross\arm\debug\MAIN\dev\stm32f1xx_hal_msp.c.o
                0x08006e50                HAL_SPI_MspInit
 .text.HAL_UART_MspInit
                0x08006ef4       0xa8 build\.objs\DAP_Link_for_JLinkOB\cross\arm\debug\MAIN\dev\stm32f1xx_hal_msp.c.o
                0x08006ef4                HAL_UART_MspInit
 .text.NMI_Handler
                0x08006f9c        0xc build\.objs\DAP_Link_for_JLinkOB\cross\arm\debug\MAIN\dev\stm32f1xx_it.c.o
                0x08006f9c                NMI_Handler
 .text.HardFault_Handler
                0x08006fa8        0x6 build\.objs\DAP_Link_for_JLinkOB\cross\arm\debug\MAIN\dev\stm32f1xx_it.c.o
                0x08006fa8                HardFault_Handler
 .text.MemManage_Handler
                0x08006fae        0x6 build\.objs\DAP_Link_for_JLinkOB\cross\arm\debug\MAIN\dev\stm32f1xx_it.c.o
                0x08006fae                MemManage_Handler
 .text.BusFault_Handler
                0x08006fb4        0x6 build\.objs\DAP_Link_for_JLinkOB\cross\arm\debug\MAIN\dev\stm32f1xx_it.c.o
                0x08006fb4                BusFault_Handler
 .text.UsageFault_Handler
                0x08006fba        0x6 build\.objs\DAP_Link_for_JLinkOB\cross\arm\debug\MAIN\dev\stm32f1xx_it.c.o
                0x08006fba                UsageFault_Handler
 .text.SVC_Handler
                0x08006fc0        0xc build\.objs\DAP_Link_for_JLinkOB\cross\arm\debug\MAIN\dev\stm32f1xx_it.c.o
                0x08006fc0                SVC_Handler
 .text.DebugMon_Handler
                0x08006fcc        0xc build\.objs\DAP_Link_for_JLinkOB\cross\arm\debug\MAIN\dev\stm32f1xx_it.c.o
                0x08006fcc                DebugMon_Handler
 .text.PendSV_Handler
                0x08006fd8        0xc build\.objs\DAP_Link_for_JLinkOB\cross\arm\debug\MAIN\dev\stm32f1xx_it.c.o
                0x08006fd8                PendSV_Handler
 .text.SysTick_Handler
                0x08006fe4        0xc build\.objs\DAP_Link_for_JLinkOB\cross\arm\debug\MAIN\dev\stm32f1xx_it.c.o
                0x08006fe4                SysTick_Handler
 .text.SystemInit
                0x08006ff0       0x68 build\.objs\DAP_Link_for_JLinkOB\cross\arm\debug\MAIN\dev\system_stm32f1xx.c.o
                0x08006ff0                SystemInit
 .text.SystemCoreClockUpdate
                0x08007058       0xe4 build\.objs\DAP_Link_for_JLinkOB\cross\arm\debug\MAIN\dev\system_stm32f1xx.c.o
                0x08007058                SystemCoreClockUpdate
 .text.CUSTOM_HID_Init_FS
                0x0800713c        0xe build\.objs\DAP_Link_for_JLinkOB\cross\arm\debug\MAIN\usb_adapter\App\usbd_custom_hid_if.c.o
 .text.CUSTOM_HID_DeInit_FS
                0x0800714a        0xe build\.objs\DAP_Link_for_JLinkOB\cross\arm\debug\MAIN\usb_adapter\App\usbd_custom_hid_if.c.o
 .text.CUSTOM_HID_OutEvent_FS
                0x08007158       0x1e build\.objs\DAP_Link_for_JLinkOB\cross\arm\debug\MAIN\usb_adapter\App\usbd_custom_hid_if.c.o
 .text.CUSTOM_HID_InEvent_FS
                0x08007176       0x1e build\.objs\DAP_Link_for_JLinkOB\cross\arm\debug\MAIN\usb_adapter\App\usbd_custom_hid_if.c.o
 .text.USBD_FS_DeviceDescriptor
                0x08007194       0x24 build\.objs\DAP_Link_for_JLinkOB\cross\arm\debug\MAIN\usb_adapter\App\usbd_desc.c.o
                0x08007194                USBD_FS_DeviceDescriptor
 .text.USBD_FS_LangIDStrDescriptor
                0x080071b8       0x24 build\.objs\DAP_Link_for_JLinkOB\cross\arm\debug\MAIN\usb_adapter\App\usbd_desc.c.o
                0x080071b8                USBD_FS_LangIDStrDescriptor
 .text.USBD_FS_ProductStrDescriptor
                0x080071dc       0x3c build\.objs\DAP_Link_for_JLinkOB\cross\arm\debug\MAIN\usb_adapter\App\usbd_desc.c.o
                0x080071dc                USBD_FS_ProductStrDescriptor
 .text.USBD_FS_ManufacturerStrDescriptor
                0x08007218       0x28 build\.objs\DAP_Link_for_JLinkOB\cross\arm\debug\MAIN\usb_adapter\App\usbd_desc.c.o
                0x08007218                USBD_FS_ManufacturerStrDescriptor
 .text.USBD_FS_SerialStrDescriptor
                0x08007240       0x24 build\.objs\DAP_Link_for_JLinkOB\cross\arm\debug\MAIN\usb_adapter\App\usbd_desc.c.o
                0x08007240                USBD_FS_SerialStrDescriptor
 .text.USBD_FS_ConfigStrDescriptor
                0x08007264       0x3c build\.objs\DAP_Link_for_JLinkOB\cross\arm\debug\MAIN\usb_adapter\App\usbd_desc.c.o
                0x08007264                USBD_FS_ConfigStrDescriptor
 .text.USBD_FS_InterfaceStrDescriptor
                0x080072a0       0x3c build\.objs\DAP_Link_for_JLinkOB\cross\arm\debug\MAIN\usb_adapter\App\usbd_desc.c.o
                0x080072a0                USBD_FS_InterfaceStrDescriptor
 .text.Get_SerialNum
                0x080072dc       0x58 build\.objs\DAP_Link_for_JLinkOB\cross\arm\debug\MAIN\usb_adapter\App\usbd_desc.c.o
 .text.IntToUnicode
                0x08007334       0x7c build\.objs\DAP_Link_for_JLinkOB\cross\arm\debug\MAIN\usb_adapter\App\usbd_desc.c.o
 .text.MX_USB_DEVICE_Init
                0x080073b0       0x60 build\.objs\DAP_Link_for_JLinkOB\cross\arm\debug\MAIN\usb_adapter\App\usb_device.c.o
                0x080073b0                MX_USB_DEVICE_Init
 .text.HAL_PCD_MspInit
                0x08007410       0x4c build\.objs\DAP_Link_for_JLinkOB\cross\arm\debug\MAIN\usb_adapter\Target\usbd_conf.c.o
                0x08007410                HAL_PCD_MspInit
 .text.USBD_LL_Init
                0x0800745c       0xa0 build\.objs\DAP_Link_for_JLinkOB\cross\arm\debug\MAIN\usb_adapter\Target\usbd_conf.c.o
                0x0800745c                USBD_LL_Init
 .text.USBD_LL_Start
                0x080074fc       0x36 build\.objs\DAP_Link_for_JLinkOB\cross\arm\debug\MAIN\usb_adapter\Target\usbd_conf.c.o
                0x080074fc                USBD_LL_Start
 .text.USBD_LL_OpenEP
                0x08007532       0x4c build\.objs\DAP_Link_for_JLinkOB\cross\arm\debug\MAIN\usb_adapter\Target\usbd_conf.c.o
                0x08007532                USBD_LL_OpenEP
 .text.USBD_LL_CloseEP
                0x0800757e       0x3e build\.objs\DAP_Link_for_JLinkOB\cross\arm\debug\MAIN\usb_adapter\Target\usbd_conf.c.o
                0x0800757e                USBD_LL_CloseEP
 .text.USBD_LL_StallEP
                0x080075bc       0x3e build\.objs\DAP_Link_for_JLinkOB\cross\arm\debug\MAIN\usb_adapter\Target\usbd_conf.c.o
                0x080075bc                USBD_LL_StallEP
 .text.USBD_LL_Transmit
                0x080075fa       0x46 build\.objs\DAP_Link_for_JLinkOB\cross\arm\debug\MAIN\usb_adapter\Target\usbd_conf.c.o
                0x080075fa                USBD_LL_Transmit
 .text.USBD_LL_PrepareReceive
                0x08007640       0x46 build\.objs\DAP_Link_for_JLinkOB\cross\arm\debug\MAIN\usb_adapter\Target\usbd_conf.c.o
                0x08007640                USBD_LL_PrepareReceive
 *fill*         0x08007686        0x2 
 .text.USBD_static_malloc
                0x08007688       0x18 build\.objs\DAP_Link_for_JLinkOB\cross\arm\debug\MAIN\usb_adapter\Target\usbd_conf.c.o
                0x08007688                USBD_static_malloc
 .text.USBD_static_free
                0x080076a0       0x12 build\.objs\DAP_Link_for_JLinkOB\cross\arm\debug\MAIN\usb_adapter\Target\usbd_conf.c.o
                0x080076a0                USBD_static_free
 .text.HAL_PCDEx_SetConnectionState
                0x080076b2       0x16 build\.objs\DAP_Link_for_JLinkOB\cross\arm\debug\MAIN\usb_adapter\Target\usbd_conf.c.o
                0x080076b2                HAL_PCDEx_SetConnectionState
 .text.USBD_Get_USB_Status
                0x080076c8       0x58 build\.objs\DAP_Link_for_JLinkOB\cross\arm\debug\MAIN\usb_adapter\Target\usbd_conf.c.o
 .text.DEVICE_Init
                0x08007720       0x48 build\.objs\DAP_Link_for_JLinkOB\cross\arm\debug\MAIN\wrap\device.c.o
                0x08007720                DEVICE_Init
 .text.SystemClock_Config
                0x08007768       0xb4 build\.objs\DAP_Link_for_JLinkOB\cross\arm\debug\MAIN\wrap\device.c.o
                0x08007768                SystemClock_Config
 .text.MX_SPI1_Init
                0x0800781c       0x6c build\.objs\DAP_Link_for_JLinkOB\cross\arm\debug\MAIN\wrap\device.c.o
 .text.MX_USART1_UART_Init
                0x08007888       0x54 build\.objs\DAP_Link_for_JLinkOB\cross\arm\debug\MAIN\wrap\device.c.o
 .text.MX_GPIO_Init
                0x080078dc       0x98 build\.objs\DAP_Link_for_JLinkOB\cross\arm\debug\MAIN\wrap\device.c.o
 .text.Error_Handler
                0x08007974        0xc build\.objs\DAP_Link_for_JLinkOB\cross\arm\debug\MAIN\wrap\device.c.o
                0x08007974                Error_Handler
 .text.osKernelInitialize
                0x08007980       0x18 build\.objs\DAP_Link_for_JLinkOB\cross\arm\debug\MAIN\wrap\device.c.o
                0x08007980                osKernelInitialize
 .text.osThreadNew
                0x08007998       0x1c build\.objs\DAP_Link_for_JLinkOB\cross\arm\debug\MAIN\wrap\device.c.o
                0x08007998                osThreadNew
 .text.osThreadFlagsWait
                0x080079b4       0x40 build\.objs\DAP_Link_for_JLinkOB\cross\arm\debug\MAIN\wrap\device.c.o
                0x080079b4                osThreadFlagsWait
 .text.osThreadFlagsSet
                0x080079f4       0x24 build\.objs\DAP_Link_for_JLinkOB\cross\arm\debug\MAIN\wrap\device.c.o
                0x080079f4                osThreadFlagsSet
 .text.USBD_Initialize
                0x08007a18       0x12 build\.objs\DAP_Link_for_JLinkOB\cross\arm\debug\MAIN\wrap\device.c.o
                0x08007a18                USBD_Initialize
 .text.USBD_Connect
                0x08007a2a       0x12 build\.objs\DAP_Link_for_JLinkOB\cross\arm\debug\MAIN\wrap\device.c.o
                0x08007a2a                USBD_Connect
 .text.USBD_Configured
                0x08007a3c       0x28 build\.objs\DAP_Link_for_JLinkOB\cross\arm\debug\MAIN\wrap\device.c.o
                0x08007a3c                USBD_Configured
 .text.USBD_HID_GetReportTrigger
                0x08007a64       0x28 build\.objs\DAP_Link_for_JLinkOB\cross\arm\debug\MAIN\wrap\device.c.o
                0x08007a64                USBD_HID_GetReportTrigger
 .text.USBD_OutEvent
                0x08007a8c       0x2c build\.objs\DAP_Link_for_JLinkOB\cross\arm\debug\MAIN\wrap\device.c.o
                0x08007a8c                USBD_OutEvent
 .text.USBD_InEvent
                0x08007ab8       0x3c build\.objs\DAP_Link_for_JLinkOB\cross\arm\debug\MAIN\wrap\device.c.o
                0x08007ab8                USBD_InEvent
 .text.USBD_CUSTOM_HID_Init
                0x08007af4       0x84 build\.objs\DAP_Link_for_JLinkOB\cross\arm\debug\USB\Class\CustomHID\Src\usbd_customhid.c.o
 .text.USBD_CUSTOM_HID_DeInit
                0x08007b78       0x5c build\.objs\DAP_Link_for_JLinkOB\cross\arm\debug\USB\Class\CustomHID\Src\usbd_customhid.c.o
 .text.USBD_CUSTOM_HID_Setup
                0x08007bd4      0x200 build\.objs\DAP_Link_for_JLinkOB\cross\arm\debug\USB\Class\CustomHID\Src\usbd_customhid.c.o
 .text.USBD_CUSTOM_HID_SendReport
                0x08007dd4       0x4e build\.objs\DAP_Link_for_JLinkOB\cross\arm\debug\USB\Class\CustomHID\Src\usbd_customhid.c.o
                0x08007dd4                USBD_CUSTOM_HID_SendReport
 *fill*         0x08007e22        0x2 
 .text.USBD_CUSTOM_HID_GetFSCfgDesc
                0x08007e24       0x20 build\.objs\DAP_Link_for_JLinkOB\cross\arm\debug\USB\Class\CustomHID\Src\usbd_customhid.c.o
 .text.USBD_CUSTOM_HID_GetHSCfgDesc
                0x08007e44       0x20 build\.objs\DAP_Link_for_JLinkOB\cross\arm\debug\USB\Class\CustomHID\Src\usbd_customhid.c.o
 .text.USBD_CUSTOM_HID_GetOtherSpeedCfgDesc
                0x08007e64       0x20 build\.objs\DAP_Link_for_JLinkOB\cross\arm\debug\USB\Class\CustomHID\Src\usbd_customhid.c.o
 .text.USBD_CUSTOM_HID_DataIn
                0x08007e84       0x3a build\.objs\DAP_Link_for_JLinkOB\cross\arm\debug\USB\Class\CustomHID\Src\usbd_customhid.c.o
 .text.USBD_CUSTOM_HID_DataOut
                0x08007ebe       0x3e build\.objs\DAP_Link_for_JLinkOB\cross\arm\debug\USB\Class\CustomHID\Src\usbd_customhid.c.o
 .text.USBD_CUSTOM_HID_EP0_RxReady
                0x08007efc       0x3c build\.objs\DAP_Link_for_JLinkOB\cross\arm\debug\USB\Class\CustomHID\Src\usbd_customhid.c.o
 .text.USBD_CUSTOM_HID_GetDeviceQualifierDesc
                0x08007f38       0x20 build\.objs\DAP_Link_for_JLinkOB\cross\arm\debug\USB\Class\CustomHID\Src\usbd_customhid.c.o
 .text.USBD_CUSTOM_HID_RegisterInterface
                0x08007f58       0x2c build\.objs\DAP_Link_for_JLinkOB\cross\arm\debug\USB\Class\CustomHID\Src\usbd_customhid.c.o
                0x08007f58                USBD_CUSTOM_HID_RegisterInterface
 .text.USBD_Init
                0x08007f84       0x56 build\.objs\DAP_Link_for_JLinkOB\cross\arm\debug\USB\Core\Src\usbd_core.c.o
                0x08007f84                USBD_Init
 .text.USBD_RegisterClass
                0x08007fda       0x32 build\.objs\DAP_Link_for_JLinkOB\cross\arm\debug\USB\Core\Src\usbd_core.c.o
                0x08007fda                USBD_RegisterClass
 .text.USBD_Start
                0x0800800c       0x18 build\.objs\DAP_Link_for_JLinkOB\cross\arm\debug\USB\Core\Src\usbd_core.c.o
                0x0800800c                USBD_Start
 .text.USBD_CtlError
                0x08008024       0x22 build\.objs\DAP_Link_for_JLinkOB\cross\arm\debug\USB\Core\Src\usbd_ctlreq.c.o
                0x08008024                USBD_CtlError
 .text.USBD_GetString
                0x08008046       0x84 build\.objs\DAP_Link_for_JLinkOB\cross\arm\debug\USB\Core\Src\usbd_ctlreq.c.o
                0x08008046                USBD_GetString
 .text.USBD_GetLen
                0x080080ca       0x2e build\.objs\DAP_Link_for_JLinkOB\cross\arm\debug\USB\Core\Src\usbd_ctlreq.c.o
 .text.USBD_CtlSendData
                0x080080f8       0x38 build\.objs\DAP_Link_for_JLinkOB\cross\arm\debug\USB\Core\Src\usbd_ioreq.c.o
                0x080080f8                USBD_CtlSendData
 .text.USBD_CtlPrepareRx
                0x08008130       0x3c build\.objs\DAP_Link_for_JLinkOB\cross\arm\debug\USB\Core\Src\usbd_ioreq.c.o
                0x08008130                USBD_CtlPrepareRx
 .text          0x0800816c       0xec d:/opencli/compilers/gcc-arm-none-eabi-10.3-2021.10/bin/../lib/gcc/arm-none-eabi/10.3.1/../../../../arm-none-eabi/lib/thumb/v7-m/nofp\libc.a(lib_a-memcpy.o)
                0x0800816c                memcpy
 .text.memset   0x08008258       0xa4 d:/opencli/compilers/gcc-arm-none-eabi-10.3-2021.10/bin/../lib/gcc/arm-none-eabi/10.3.1/../../../../arm-none-eabi/lib/thumb/v7-m/nofp\libc.a(lib_a-memset.o)
                0x08008258                memset
 .text.startup.register_fini
                0x080082fc       0x14 d:/opencli/compilers/gcc-arm-none-eabi-10.3-2021.10/bin/../lib/gcc/arm-none-eabi/10.3.1/../../../../arm-none-eabi/lib/thumb/v7-m/nofp\libc.a(lib_a-__call_atexit.o)
 .text.atexit   0x08008310        0xc d:/opencli/compilers/gcc-arm-none-eabi-10.3-2021.10/bin/../lib/gcc/arm-none-eabi/10.3.1/../../../../arm-none-eabi/lib/thumb/v7-m/nofp\libc.a(lib_a-atexit.o)
                0x08008310                atexit
 .text.__libc_fini_array
                0x0800831c       0x2c d:/opencli/compilers/gcc-arm-none-eabi-10.3-2021.10/bin/../lib/gcc/arm-none-eabi/10.3.1/../../../../arm-none-eabi/lib/thumb/v7-m/nofp\libc.a(lib_a-fini.o)
                0x0800831c                __libc_fini_array
 .text.__retarget_lock_acquire_recursive
                0x08008348        0x4 d:/opencli/compilers/gcc-arm-none-eabi-10.3-2021.10/bin/../lib/gcc/arm-none-eabi/10.3.1/../../../../arm-none-eabi/lib/thumb/v7-m/nofp\libc.a(lib_a-lock.o)
                0x08008348                __retarget_lock_acquire_recursive
 .text.__retarget_lock_release_recursive
                0x0800834c        0x4 d:/opencli/compilers/gcc-arm-none-eabi-10.3-2021.10/bin/../lib/gcc/arm-none-eabi/10.3.1/../../../../arm-none-eabi/lib/thumb/v7-m/nofp\libc.a(lib_a-lock.o)
                0x0800834c                __retarget_lock_release_recursive
 .text.__register_exitproc
                0x08008350       0x8c d:/opencli/compilers/gcc-arm-none-eabi-10.3-2021.10/bin/../lib/gcc/arm-none-eabi/10.3.1/../../../../arm-none-eabi/lib/thumb/v7-m/nofp\libc.a(lib_a-__atexit.o)
                0x08008350                __register_exitproc
 *(.init)
 .init          0x080083dc        0x4 d:/opencli/compilers/gcc-arm-none-eabi-10.3-2021.10/bin/../lib/gcc/arm-none-eabi/10.3.1/thumb/v7-m/nofp/crti.o
                0x080083dc                _init
 .init          0x080083e0        0x8 d:/opencli/compilers/gcc-arm-none-eabi-10.3-2021.10/bin/../lib/gcc/arm-none-eabi/10.3.1/thumb/v7-m/nofp/crtn.o
 *(.fini)
 .fini          0x080083e8        0x4 d:/opencli/compilers/gcc-arm-none-eabi-10.3-2021.10/bin/../lib/gcc/arm-none-eabi/10.3.1/thumb/v7-m/nofp/crti.o
                0x080083e8                _fini
 .fini          0x080083ec        0x8 d:/opencli/compilers/gcc-arm-none-eabi-10.3-2021.10/bin/../lib/gcc/arm-none-eabi/10.3.1/thumb/v7-m/nofp/crtn.o
 *crtbegin.o(.ctors)
 *crtbegin?.o(.ctors)
 *(EXCLUDE_FILE(*crtend.o *crtend?.o) .ctors)
 *(SORT_BY_NAME(.ctors.*))
 *(.ctors)
 *crtbegin.o(.dtors)
 *crtbegin?.o(.dtors)
 *(EXCLUDE_FILE(*crtend.o *crtend?.o) .dtors)
 *(SORT_BY_NAME(.dtors.*))
 *(.dtors)
 *(.rodata*)
 .rodata        0x080083f4        0x6 build\.objs\DAP_Link_for_JLinkOB\cross\arm\debug\DAP\src\DAP.c.o
 *fill*         0x080083fa        0x2 
 .rodata        0x080083fc       0x10 build\.objs\DAP_Link_for_JLinkOB\cross\arm\debug\HAL\Src\stm32f1xx_hal_rcc.c.o
 .rodata        0x0800840c       0x18 build\.objs\DAP_Link_for_JLinkOB\cross\arm\debug\MAIN\dev\system_stm32f1xx.c.o
                0x0800840c                AHBPrescTable
                0x0800841c                APBPrescTable
 .rodata        0x08008424       0x3a build\.objs\DAP_Link_for_JLinkOB\cross\arm\debug\MAIN\usb_adapter\App\usbd_desc.c.o
 *fill*         0x0800845e        0x2 
 .rodata._global_impure_ptr
                0x08008460        0x4 d:/opencli/compilers/gcc-arm-none-eabi-10.3-2021.10/bin/../lib/gcc/arm-none-eabi/10.3.1/../../../../arm-none-eabi/lib/thumb/v7-m/nofp\libc.a(lib_a-impure.o)
                0x08008460                _global_impure_ptr
 *(.eh_frame*)
 .eh_frame      0x08008464        0x0 d:/opencli/compilers/gcc-arm-none-eabi-10.3-2021.10/bin/../lib/gcc/arm-none-eabi/10.3.1/thumb/v7-m/nofp/crtbegin.o
 .eh_frame      0x08008464        0x4 d:/opencli/compilers/gcc-arm-none-eabi-10.3-2021.10/bin/../lib/gcc/arm-none-eabi/10.3.1/thumb/v7-m/nofp/crtend.o

.glue_7         0x08008468        0x0
 .glue_7        0x08008468        0x0 linker stubs

.glue_7t        0x08008468        0x0
 .glue_7t       0x08008468        0x0 linker stubs

.vfp11_veneer   0x08008468        0x0
 .vfp11_veneer  0x08008468        0x0 linker stubs

.v4_bx          0x08008468        0x0
 .v4_bx         0x08008468        0x0 linker stubs

.iplt           0x08008468        0x0
 .iplt          0x08008468        0x0 d:/opencli/compilers/gcc-arm-none-eabi-10.3-2021.10/bin/../lib/gcc/arm-none-eabi/10.3.1/thumb/v7-m/nofp/crtbegin.o

.rel.dyn        0x08008468        0x0
 .rel.iplt      0x08008468        0x0 d:/opencli/compilers/gcc-arm-none-eabi-10.3-2021.10/bin/../lib/gcc/arm-none-eabi/10.3.1/thumb/v7-m/nofp/crtbegin.o

.ARM.extab
 *(.ARM.extab* .gnu.linkonce.armextab.*)
                0x08008468                __exidx_start = .

.ARM.exidx
 *(.ARM.exidx* .gnu.linkonce.armexidx.*)
                0x08008468                __exidx_end = .

.ARM.attributes
                0x08008468       0x29
 *(.ARM.attributes)
 .ARM.attributes
                0x08008468       0x1d d:/opencli/compilers/gcc-arm-none-eabi-10.3-2021.10/bin/../lib/gcc/arm-none-eabi/10.3.1/thumb/v7-m/nofp/crti.o
 .ARM.attributes
                0x08008485       0x2d d:/opencli/compilers/gcc-arm-none-eabi-10.3-2021.10/bin/../lib/gcc/arm-none-eabi/10.3.1/thumb/v7-m/nofp/crtbegin.o
 .ARM.attributes
                0x080084b2       0x1b build\.objs\DAP_Link_for_JLinkOB\cross\arm\debug\Startup.S.o
 .ARM.attributes
                0x080084cd       0x2d build\.objs\DAP_Link_for_JLinkOB\cross\arm\debug\DAP\src\DAP.c.o
 .ARM.attributes
                0x080084fa       0x2d build\.objs\DAP_Link_for_JLinkOB\cross\arm\debug\DAP\src\DAP_vendor.c.o
 .ARM.attributes
                0x08008527       0x2d build\.objs\DAP_Link_for_JLinkOB\cross\arm\debug\DAP\src\JTAG_DP.c.o
 .ARM.attributes
                0x08008554       0x2d build\.objs\DAP_Link_for_JLinkOB\cross\arm\debug\DAP\src\SW_DP.c.o
 .ARM.attributes
                0x08008581       0x2d build\.objs\DAP_Link_for_JLinkOB\cross\arm\debug\HAL\Src\stm32f1xx_hal.c.o
 .ARM.attributes
                0x080085ae       0x2d build\.objs\DAP_Link_for_JLinkOB\cross\arm\debug\HAL\Src\stm32f1xx_hal_cortex.c.o
 .ARM.attributes
                0x080085db       0x2d build\.objs\DAP_Link_for_JLinkOB\cross\arm\debug\HAL\Src\stm32f1xx_hal_gpio.c.o
 .ARM.attributes
                0x08008608       0x2d build\.objs\DAP_Link_for_JLinkOB\cross\arm\debug\HAL\Src\stm32f1xx_hal_pcd.c.o
 .ARM.attributes
                0x08008635       0x2d build\.objs\DAP_Link_for_JLinkOB\cross\arm\debug\HAL\Src\stm32f1xx_hal_pcd_ex.c.o
 .ARM.attributes
                0x08008662       0x2d build\.objs\DAP_Link_for_JLinkOB\cross\arm\debug\HAL\Src\stm32f1xx_hal_rcc.c.o
 .ARM.attributes
                0x0800868f       0x2d build\.objs\DAP_Link_for_JLinkOB\cross\arm\debug\HAL\Src\stm32f1xx_hal_rcc_ex.c.o
 .ARM.attributes
                0x080086bc       0x2d build\.objs\DAP_Link_for_JLinkOB\cross\arm\debug\HAL\Src\stm32f1xx_hal_spi.c.o
 .ARM.attributes
                0x080086e9       0x2d build\.objs\DAP_Link_for_JLinkOB\cross\arm\debug\HAL\Src\stm32f1xx_hal_uart.c.o
 .ARM.attributes
                0x08008716       0x2d build\.objs\DAP_Link_for_JLinkOB\cross\arm\debug\HAL\Src\stm32f1xx_ll_usb.c.o
 .ARM.attributes
                0x08008743       0x2d build\.objs\DAP_Link_for_JLinkOB\cross\arm\debug\MAIN\USBD_User_HID_0.c.o
 .ARM.attributes
                0x08008770       0x2d build\.objs\DAP_Link_for_JLinkOB\cross\arm\debug\MAIN\main.c.o
 .ARM.attributes
                0x0800879d       0x2d build\.objs\DAP_Link_for_JLinkOB\cross\arm\debug\MAIN\dev\stm32f1xx_hal_msp.c.o
 .ARM.attributes
                0x080087ca       0x2d build\.objs\DAP_Link_for_JLinkOB\cross\arm\debug\MAIN\dev\stm32f1xx_it.c.o
 .ARM.attributes
                0x080087f7       0x2d build\.objs\DAP_Link_for_JLinkOB\cross\arm\debug\MAIN\dev\system_stm32f1xx.c.o
 .ARM.attributes
                0x08008824       0x2d build\.objs\DAP_Link_for_JLinkOB\cross\arm\debug\MAIN\usb_adapter\App\usbd_custom_hid_if.c.o
 .ARM.attributes
                0x08008851       0x2d build\.objs\DAP_Link_for_JLinkOB\cross\arm\debug\MAIN\usb_adapter\App\usbd_desc.c.o
 .ARM.attributes
                0x0800887e       0x2d build\.objs\DAP_Link_for_JLinkOB\cross\arm\debug\MAIN\usb_adapter\App\usb_device.c.o
 .ARM.attributes
                0x080088ab       0x2d build\.objs\DAP_Link_for_JLinkOB\cross\arm\debug\MAIN\usb_adapter\Target\usbd_conf.c.o
 .ARM.attributes
                0x080088d8       0x2d build\.objs\DAP_Link_for_JLinkOB\cross\arm\debug\MAIN\wrap\device.c.o
 .ARM.attributes
                0x08008905       0x2d build\.objs\DAP_Link_for_JLinkOB\cross\arm\debug\USB\Class\CustomHID\Src\usbd_customhid.c.o
 .ARM.attributes
                0x08008932       0x2d build\.objs\DAP_Link_for_JLinkOB\cross\arm\debug\USB\Core\Src\usbd_core.c.o
 .ARM.attributes
                0x0800895f       0x2d build\.objs\DAP_Link_for_JLinkOB\cross\arm\debug\USB\Core\Src\usbd_ctlreq.c.o
 .ARM.attributes
                0x0800898c       0x2d build\.objs\DAP_Link_for_JLinkOB\cross\arm\debug\USB\Core\Src\usbd_ioreq.c.o
 .ARM.attributes
                0x080089b9       0x2d d:/opencli/compilers/gcc-arm-none-eabi-10.3-2021.10/bin/../lib/gcc/arm-none-eabi/10.3.1/../../../../arm-none-eabi/lib/thumb/v7-m/nofp\libc.a(lib_a-impure.o)
 .ARM.attributes
                0x080089e6       0x1b d:/opencli/compilers/gcc-arm-none-eabi-10.3-2021.10/bin/../lib/gcc/arm-none-eabi/10.3.1/../../../../arm-none-eabi/lib/thumb/v7-m/nofp\libc.a(lib_a-memcpy.o)
 .ARM.attributes
                0x08008a01       0x2d d:/opencli/compilers/gcc-arm-none-eabi-10.3-2021.10/bin/../lib/gcc/arm-none-eabi/10.3.1/../../../../arm-none-eabi/lib/thumb/v7-m/nofp\libc.a(lib_a-memset.o)
 .ARM.attributes
                0x08008a2e       0x2d d:/opencli/compilers/gcc-arm-none-eabi-10.3-2021.10/bin/../lib/gcc/arm-none-eabi/10.3.1/../../../../arm-none-eabi/lib/thumb/v7-m/nofp\libc.a(lib_a-__call_atexit.o)
 .ARM.attributes
                0x08008a5b       0x2d d:/opencli/compilers/gcc-arm-none-eabi-10.3-2021.10/bin/../lib/gcc/arm-none-eabi/10.3.1/../../../../arm-none-eabi/lib/thumb/v7-m/nofp\libc.a(lib_a-atexit.o)
 .ARM.attributes
                0x08008a88       0x2d d:/opencli/compilers/gcc-arm-none-eabi-10.3-2021.10/bin/../lib/gcc/arm-none-eabi/10.3.1/../../../../arm-none-eabi/lib/thumb/v7-m/nofp\libc.a(lib_a-fini.o)
 .ARM.attributes
                0x08008ab5       0x2d d:/opencli/compilers/gcc-arm-none-eabi-10.3-2021.10/bin/../lib/gcc/arm-none-eabi/10.3.1/../../../../arm-none-eabi/lib/thumb/v7-m/nofp\libc.a(lib_a-lock.o)
 .ARM.attributes
                0x08008ae2       0x2d d:/opencli/compilers/gcc-arm-none-eabi-10.3-2021.10/bin/../lib/gcc/arm-none-eabi/10.3.1/../../../../arm-none-eabi/lib/thumb/v7-m/nofp\libc.a(lib_a-__atexit.o)
 .ARM.attributes
                0x08008b0f       0x2d d:/opencli/compilers/gcc-arm-none-eabi-10.3-2021.10/bin/../lib/gcc/arm-none-eabi/10.3.1/thumb/v7-m/nofp/crtend.o
 .ARM.attributes
                0x08008b3c       0x1d d:/opencli/compilers/gcc-arm-none-eabi-10.3-2021.10/bin/../lib/gcc/arm-none-eabi/10.3.1/thumb/v7-m/nofp/crtn.o
                0x08008b59                __etext = .

.data           0x20000000      0x5a0 load address 0x08008b59
                0x20000000                __data_start__ = .
 *(vtable)
 *(.data*)
 .data          0x20000000        0x5 build\.objs\DAP_Link_for_JLinkOB\cross\arm\debug\HAL\Src\stm32f1xx_hal.c.o
                0x20000000                uwTickPrio
                0x20000004                uwTickFreq
 *fill*         0x20000005        0x3 
 .data          0x20000008        0x4 build\.objs\DAP_Link_for_JLinkOB\cross\arm\debug\MAIN\dev\system_stm32f1xx.c.o
                0x20000008                SystemCoreClock
 .data          0x2000000c       0x34 build\.objs\DAP_Link_for_JLinkOB\cross\arm\debug\MAIN\usb_adapter\App\usbd_custom_hid_if.c.o
                0x2000002c                USBD_CustomHID_fops_FS
 .data          0x20000040       0x4e build\.objs\DAP_Link_for_JLinkOB\cross\arm\debug\MAIN\usb_adapter\App\usbd_desc.c.o
                0x20000040                FS_Desc
                0x2000005c                USBD_FS_DeviceDesc
                0x20000070                USBD_LangIDDesc
                0x20000074                USBD_StringSerial
 *fill*         0x2000008e        0x2 
 .data          0x20000090       0xd2 build\.objs\DAP_Link_for_JLinkOB\cross\arm\debug\USB\Class\CustomHID\Src\usbd_customhid.c.o
                0x20000090                USBD_CUSTOM_HID
 *fill*         0x20000162        0x6 
 .data.impure_data
                0x20000168      0x428 d:/opencli/compilers/gcc-arm-none-eabi-10.3-2021.10/bin/../lib/gcc/arm-none-eabi/10.3.1/../../../../arm-none-eabi/lib/thumb/v7-m/nofp\libc.a(lib_a-impure.o)
 .data.__atexit_recursive_mutex
                0x20000590        0x4 d:/opencli/compilers/gcc-arm-none-eabi-10.3-2021.10/bin/../lib/gcc/arm-none-eabi/10.3.1/../../../../arm-none-eabi/lib/thumb/v7-m/nofp\libc.a(lib_a-__call_atexit.o)
                0x20000590                __atexit_recursive_mutex
                0x20000594                . = ALIGN (0x4)
                0x20000594                PROVIDE (__preinit_array_start = .)
 *(.preinit_array)
                0x20000594                PROVIDE (__preinit_array_end = .)
                0x20000594                . = ALIGN (0x4)
                0x20000594                PROVIDE (__init_array_start = .)
 *(SORT_BY_NAME(.init_array.*))
 .init_array.00000
                0x20000594        0x4 d:/opencli/compilers/gcc-arm-none-eabi-10.3-2021.10/bin/../lib/gcc/arm-none-eabi/10.3.1/../../../../arm-none-eabi/lib/thumb/v7-m/nofp\libc.a(lib_a-__call_atexit.o)
 *(.init_array)
 .init_array    0x20000598        0x4 d:/opencli/compilers/gcc-arm-none-eabi-10.3-2021.10/bin/../lib/gcc/arm-none-eabi/10.3.1/thumb/v7-m/nofp/crtbegin.o
                0x2000059c                PROVIDE (__init_array_end = .)
                0x2000059c                . = ALIGN (0x4)
                0x2000059c                PROVIDE (__fini_array_start = .)
 *(SORT_BY_NAME(.fini_array.*))
 *(.fini_array)
 .fini_array    0x2000059c        0x4 d:/opencli/compilers/gcc-arm-none-eabi-10.3-2021.10/bin/../lib/gcc/arm-none-eabi/10.3.1/thumb/v7-m/nofp/crtbegin.o
                0x200005a0                PROVIDE (__fini_array_end = .)
 *(.jcr*)
                0x200005a0                . = ALIGN (0x4)
                0x200005a0                __data_end__ = .

.igot.plt       0x200005a0        0x0 load address 0x080090fc
 .igot.plt      0x200005a0        0x0 d:/opencli/compilers/gcc-arm-none-eabi-10.3-2021.10/bin/../lib/gcc/arm-none-eabi/10.3.1/thumb/v7-m/nofp/crtbegin.o

.bss            0x200005a0      0x8c0 load address 0x080090fc
                0x200005a0                . = ALIGN (0x4)
                0x200005a0                __bss_start__ = .
 *(.bss*)
 .bss           0x200005a0       0x1c d:/opencli/compilers/gcc-arm-none-eabi-10.3-2021.10/bin/../lib/gcc/arm-none-eabi/10.3.1/thumb/v7-m/nofp/crtbegin.o
 .bss           0x200005bc       0x45 build\.objs\DAP_Link_for_JLinkOB\cross\arm\debug\DAP\src\DAP.c.o
                0x200005bc                DAP_Data
                0x20000600                DAP_TransferAbort
 *fill*         0x20000601        0x3 
 .bss           0x20000604        0x4 build\.objs\DAP_Link_for_JLinkOB\cross\arm\debug\HAL\Src\stm32f1xx_hal.c.o
                0x20000604                uwTick
 .bss           0x20000608      0x214 build\.objs\DAP_Link_for_JLinkOB\cross\arm\debug\MAIN\USBD_User_HID_0.c.o
 .bss           0x2000081c        0x4 build\.objs\DAP_Link_for_JLinkOB\cross\arm\debug\MAIN\main.c.o
                0x2000081c                DAP_ThreadId
 .bss           0x20000820       0x18 build\.objs\DAP_Link_for_JLinkOB\cross\arm\debug\MAIN\usb_adapter\App\usbd_desc.c.o
                0x20000820                USBD_StrDesc
 .bss           0x20000838      0x2c4 build\.objs\DAP_Link_for_JLinkOB\cross\arm\debug\MAIN\usb_adapter\App\usb_device.c.o
                0x20000838                hUsbDeviceFS
 .bss           0x20000afc      0x2c4 build\.objs\DAP_Link_for_JLinkOB\cross\arm\debug\MAIN\usb_adapter\Target\usbd_conf.c.o
                0x20000afc                hpcd_USB_FS
 .bss           0x20000dc0       0x9c build\.objs\DAP_Link_for_JLinkOB\cross\arm\debug\MAIN\wrap\device.c.o
                0x20000dc0                hspi1
                0x20000e18                huart1
 .bss.__lock___atexit_recursive_mutex
                0x20000e5c        0x1 d:/opencli/compilers/gcc-arm-none-eabi-10.3-2021.10/bin/../lib/gcc/arm-none-eabi/10.3.1/../../../../arm-none-eabi/lib/thumb/v7-m/nofp\libc.a(lib_a-lock.o)
                0x20000e5c                __lock___atexit_recursive_mutex
 *(COMMON)
                0x20000e60                . = ALIGN (0x4)
 *fill*         0x20000e5d        0x3 
                0x20000e60                __bss_end__ = .

._user_heap_stack
                0x20000e60      0x400 load address 0x080099bc
                0x20000e60                . = ALIGN (0x8)
                0x20000e60                __heap_start__ = .
                0x20000e60                . = (. + _Min_Heap_Size)
                0x20000e60                __heap_end__ = .
                0x20000e60                . = ALIGN (0x8)
                0x20000e60                __stack_start__ = .
                0x20001260                . = (. + _Min_Stack_Size)
 *fill*         0x20000e60      0x400 
                0x20001260                __stack_end__ = .
                0x20001260                _estack = .
                0x20001260                . = ALIGN (0x8)

/DISCARD/
 libc.a(*)
 libm.a(*)
 libgcc.a(*)
OUTPUT(build\cross\arm\debug\DAP_Link_for_JLinkOB.elf elf32-littlearm)
LOAD linker stubs
LOAD d:/opencli/compilers/gcc-arm-none-eabi-10.3-2021.10/bin/../lib/gcc/arm-none-eabi/10.3.1/../../../../arm-none-eabi/lib/thumb/v7-m/nofp\libc.a
LOAD d:/opencli/compilers/gcc-arm-none-eabi-10.3-2021.10/bin/../lib/gcc/arm-none-eabi/10.3.1/../../../../arm-none-eabi/lib/thumb/v7-m/nofp\libm.a
LOAD d:/opencli/compilers/gcc-arm-none-eabi-10.3-2021.10/bin/../lib/gcc/arm-none-eabi/10.3.1/thumb/v7-m/nofp\libgcc.a

.debug_line     0x00000000     0xb330
 .debug_line    0x00000000       0x68 build\.objs\DAP_Link_for_JLinkOB\cross\arm\debug\Startup.S.o
 .debug_line    0x00000068     0x1db5 build\.objs\DAP_Link_for_JLinkOB\cross\arm\debug\DAP\src\DAP.c.o
 .debug_line    0x00001e1d      0x124 build\.objs\DAP_Link_for_JLinkOB\cross\arm\debug\DAP\src\DAP_vendor.c.o
 .debug_line    0x00001f41      0x686 build\.objs\DAP_Link_for_JLinkOB\cross\arm\debug\DAP\src\JTAG_DP.c.o
 .debug_line    0x000025c7      0x627 build\.objs\DAP_Link_for_JLinkOB\cross\arm\debug\DAP\src\SW_DP.c.o
 .debug_line    0x00002bee      0x428 build\.objs\DAP_Link_for_JLinkOB\cross\arm\debug\HAL\Src\stm32f1xx_hal.c.o
 .debug_line    0x00003016      0x617 build\.objs\DAP_Link_for_JLinkOB\cross\arm\debug\HAL\Src\stm32f1xx_hal_cortex.c.o
 .debug_line    0x0000362d      0x49e build\.objs\DAP_Link_for_JLinkOB\cross\arm\debug\HAL\Src\stm32f1xx_hal_gpio.c.o
 .debug_line    0x00003acb      0xaac build\.objs\DAP_Link_for_JLinkOB\cross\arm\debug\HAL\Src\stm32f1xx_hal_pcd.c.o
 .debug_line    0x00004577      0x1e7 build\.objs\DAP_Link_for_JLinkOB\cross\arm\debug\HAL\Src\stm32f1xx_hal_pcd_ex.c.o
 .debug_line    0x0000475e      0x8a9 build\.objs\DAP_Link_for_JLinkOB\cross\arm\debug\HAL\Src\stm32f1xx_hal_rcc.c.o
 .debug_line    0x00005007      0x361 build\.objs\DAP_Link_for_JLinkOB\cross\arm\debug\HAL\Src\stm32f1xx_hal_rcc_ex.c.o
 .debug_line    0x00005368     0x1662 build\.objs\DAP_Link_for_JLinkOB\cross\arm\debug\HAL\Src\stm32f1xx_hal_spi.c.o
 .debug_line    0x000069ca     0x120e build\.objs\DAP_Link_for_JLinkOB\cross\arm\debug\HAL\Src\stm32f1xx_hal_uart.c.o
 .debug_line    0x00007bd8      0x847 build\.objs\DAP_Link_for_JLinkOB\cross\arm\debug\HAL\Src\stm32f1xx_ll_usb.c.o
 .debug_line    0x0000841f      0x2c8 build\.objs\DAP_Link_for_JLinkOB\cross\arm\debug\MAIN\USBD_User_HID_0.c.o
 .debug_line    0x000086e7      0x1d9 build\.objs\DAP_Link_for_JLinkOB\cross\arm\debug\MAIN\main.c.o
 .debug_line    0x000088c0      0x252 build\.objs\DAP_Link_for_JLinkOB\cross\arm\debug\MAIN\dev\stm32f1xx_hal_msp.c.o
 .debug_line    0x00008b12      0x2ac build\.objs\DAP_Link_for_JLinkOB\cross\arm\debug\MAIN\dev\stm32f1xx_it.c.o
 .debug_line    0x00008dbe      0x20b build\.objs\DAP_Link_for_JLinkOB\cross\arm\debug\MAIN\dev\system_stm32f1xx.c.o
 .debug_line    0x00008fc9      0x1d6 build\.objs\DAP_Link_for_JLinkOB\cross\arm\debug\MAIN\usb_adapter\App\usbd_custom_hid_if.c.o
 .debug_line    0x0000919f      0x297 build\.objs\DAP_Link_for_JLinkOB\cross\arm\debug\MAIN\usb_adapter\App\usbd_desc.c.o
 .debug_line    0x00009436      0x1aa build\.objs\DAP_Link_for_JLinkOB\cross\arm\debug\MAIN\usb_adapter\App\usb_device.c.o
 .debug_line    0x000095e0      0x609 build\.objs\DAP_Link_for_JLinkOB\cross\arm\debug\MAIN\usb_adapter\Target\usbd_conf.c.o
 .debug_line    0x00009be9      0x49e build\.objs\DAP_Link_for_JLinkOB\cross\arm\debug\MAIN\wrap\device.c.o
 .debug_line    0x0000a087      0x407 build\.objs\DAP_Link_for_JLinkOB\cross\arm\debug\USB\Class\CustomHID\Src\usbd_customhid.c.o
 .debug_line    0x0000a48e      0x54e build\.objs\DAP_Link_for_JLinkOB\cross\arm\debug\USB\Core\Src\usbd_core.c.o
 .debug_line    0x0000a9dc      0x770 build\.objs\DAP_Link_for_JLinkOB\cross\arm\debug\USB\Core\Src\usbd_ctlreq.c.o
 .debug_line    0x0000b14c      0x1e4 build\.objs\DAP_Link_for_JLinkOB\cross\arm\debug\USB\Core\Src\usbd_ioreq.c.o

.debug_info     0x00000000    0x11841
 .debug_info    0x00000000       0x26 build\.objs\DAP_Link_for_JLinkOB\cross\arm\debug\Startup.S.o
 .debug_info    0x00000026     0x14f2 build\.objs\DAP_Link_for_JLinkOB\cross\arm\debug\DAP\src\DAP.c.o
 .debug_info    0x00001518      0x10a build\.objs\DAP_Link_for_JLinkOB\cross\arm\debug\DAP\src\DAP_vendor.c.o
 .debug_info    0x00001622      0x825 build\.objs\DAP_Link_for_JLinkOB\cross\arm\debug\DAP\src\JTAG_DP.c.o
 .debug_info    0x00001e47      0x7f6 build\.objs\DAP_Link_for_JLinkOB\cross\arm\debug\DAP\src\SW_DP.c.o
 .debug_info    0x0000263d      0x6c5 build\.objs\DAP_Link_for_JLinkOB\cross\arm\debug\HAL\Src\stm32f1xx_hal.c.o
 .debug_info    0x00002d02      0xad3 build\.objs\DAP_Link_for_JLinkOB\cross\arm\debug\HAL\Src\stm32f1xx_hal_cortex.c.o
 .debug_info    0x000037d5      0x601 build\.objs\DAP_Link_for_JLinkOB\cross\arm\debug\HAL\Src\stm32f1xx_hal_gpio.c.o
 .debug_info    0x00003dd6      0xe39 build\.objs\DAP_Link_for_JLinkOB\cross\arm\debug\HAL\Src\stm32f1xx_hal_pcd.c.o
 .debug_info    0x00004c0f      0x706 build\.objs\DAP_Link_for_JLinkOB\cross\arm\debug\HAL\Src\stm32f1xx_hal_pcd_ex.c.o
 .debug_info    0x00005315      0x834 build\.objs\DAP_Link_for_JLinkOB\cross\arm\debug\HAL\Src\stm32f1xx_hal_rcc.c.o
 .debug_info    0x00005b49      0x3c2 build\.objs\DAP_Link_for_JLinkOB\cross\arm\debug\HAL\Src\stm32f1xx_hal_rcc_ex.c.o
 .debug_info    0x00005f0b     0x15b3 build\.objs\DAP_Link_for_JLinkOB\cross\arm\debug\HAL\Src\stm32f1xx_hal_spi.c.o
 .debug_info    0x000074be     0x121a build\.objs\DAP_Link_for_JLinkOB\cross\arm\debug\HAL\Src\stm32f1xx_hal_uart.c.o
 .debug_info    0x000086d8     0x153d build\.objs\DAP_Link_for_JLinkOB\cross\arm\debug\HAL\Src\stm32f1xx_ll_usb.c.o
 .debug_info    0x00009c15      0x32d build\.objs\DAP_Link_for_JLinkOB\cross\arm\debug\MAIN\USBD_User_HID_0.c.o
 .debug_info    0x00009f42      0x1de build\.objs\DAP_Link_for_JLinkOB\cross\arm\debug\MAIN\main.c.o
 .debug_info    0x0000a120      0xc34 build\.objs\DAP_Link_for_JLinkOB\cross\arm\debug\MAIN\dev\stm32f1xx_hal_msp.c.o
 .debug_info    0x0000ad54      0xce4 build\.objs\DAP_Link_for_JLinkOB\cross\arm\debug\MAIN\dev\stm32f1xx_it.c.o
 .debug_info    0x0000ba38      0x3ed build\.objs\DAP_Link_for_JLinkOB\cross\arm\debug\MAIN\dev\system_stm32f1xx.c.o
 .debug_info    0x0000be25      0x22c build\.objs\DAP_Link_for_JLinkOB\cross\arm\debug\MAIN\usb_adapter\App\usbd_custom_hid_if.c.o
 .debug_info    0x0000c051      0x463 build\.objs\DAP_Link_for_JLinkOB\cross\arm\debug\MAIN\usb_adapter\App\usbd_desc.c.o
 .debug_info    0x0000c4b4      0x5d1 build\.objs\DAP_Link_for_JLinkOB\cross\arm\debug\MAIN\usb_adapter\App\usb_device.c.o
 .debug_info    0x0000ca85     0x15e1 build\.objs\DAP_Link_for_JLinkOB\cross\arm\debug\MAIN\usb_adapter\Target\usbd_conf.c.o
 .debug_info    0x0000e066     0x14bb build\.objs\DAP_Link_for_JLinkOB\cross\arm\debug\MAIN\wrap\device.c.o
 .debug_info    0x0000f521      0xa2d build\.objs\DAP_Link_for_JLinkOB\cross\arm\debug\USB\Class\CustomHID\Src\usbd_customhid.c.o
 .debug_info    0x0000ff4e      0x96d build\.objs\DAP_Link_for_JLinkOB\cross\arm\debug\USB\Core\Src\usbd_core.c.o
 .debug_info    0x000108bb      0x8da build\.objs\DAP_Link_for_JLinkOB\cross\arm\debug\USB\Core\Src\usbd_ctlreq.c.o
 .debug_info    0x00011195      0x6ac build\.objs\DAP_Link_for_JLinkOB\cross\arm\debug\USB\Core\Src\usbd_ioreq.c.o

.debug_abbrev   0x00000000     0x34a4
 .debug_abbrev  0x00000000       0x14 build\.objs\DAP_Link_for_JLinkOB\cross\arm\debug\Startup.S.o
 .debug_abbrev  0x00000014      0x30f build\.objs\DAP_Link_for_JLinkOB\cross\arm\debug\DAP\src\DAP.c.o
 .debug_abbrev  0x00000323       0x89 build\.objs\DAP_Link_for_JLinkOB\cross\arm\debug\DAP\src\DAP_vendor.c.o
 .debug_abbrev  0x000003ac      0x244 build\.objs\DAP_Link_for_JLinkOB\cross\arm\debug\DAP\src\JTAG_DP.c.o
 .debug_abbrev  0x000005f0      0x208 build\.objs\DAP_Link_for_JLinkOB\cross\arm\debug\DAP\src\SW_DP.c.o
 .debug_abbrev  0x000007f8      0x1d8 build\.objs\DAP_Link_for_JLinkOB\cross\arm\debug\HAL\Src\stm32f1xx_hal.c.o
 .debug_abbrev  0x000009d0      0x2cd build\.objs\DAP_Link_for_JLinkOB\cross\arm\debug\HAL\Src\stm32f1xx_hal_cortex.c.o
 .debug_abbrev  0x00000c9d      0x1b8 build\.objs\DAP_Link_for_JLinkOB\cross\arm\debug\HAL\Src\stm32f1xx_hal_gpio.c.o
 .debug_abbrev  0x00000e55      0x269 build\.objs\DAP_Link_for_JLinkOB\cross\arm\debug\HAL\Src\stm32f1xx_hal_pcd.c.o
 .debug_abbrev  0x000010be      0x17c build\.objs\DAP_Link_for_JLinkOB\cross\arm\debug\HAL\Src\stm32f1xx_hal_pcd_ex.c.o
 .debug_abbrev  0x0000123a      0x281 build\.objs\DAP_Link_for_JLinkOB\cross\arm\debug\HAL\Src\stm32f1xx_hal_rcc.c.o
 .debug_abbrev  0x000014bb      0x16a build\.objs\DAP_Link_for_JLinkOB\cross\arm\debug\HAL\Src\stm32f1xx_hal_rcc_ex.c.o
 .debug_abbrev  0x00001625      0x23f build\.objs\DAP_Link_for_JLinkOB\cross\arm\debug\HAL\Src\stm32f1xx_hal_spi.c.o
 .debug_abbrev  0x00001864      0x22e build\.objs\DAP_Link_for_JLinkOB\cross\arm\debug\HAL\Src\stm32f1xx_hal_uart.c.o
 .debug_abbrev  0x00001a92      0x1bb build\.objs\DAP_Link_for_JLinkOB\cross\arm\debug\HAL\Src\stm32f1xx_ll_usb.c.o
 .debug_abbrev  0x00001c4d      0x117 build\.objs\DAP_Link_for_JLinkOB\cross\arm\debug\MAIN\USBD_User_HID_0.c.o
 .debug_abbrev  0x00001d64      0x134 build\.objs\DAP_Link_for_JLinkOB\cross\arm\debug\MAIN\main.c.o
 .debug_abbrev  0x00001e98      0x185 build\.objs\DAP_Link_for_JLinkOB\cross\arm\debug\MAIN\dev\stm32f1xx_hal_msp.c.o
 .debug_abbrev  0x0000201d      0x177 build\.objs\DAP_Link_for_JLinkOB\cross\arm\debug\MAIN\dev\stm32f1xx_it.c.o
 .debug_abbrev  0x00002194      0x138 build\.objs\DAP_Link_for_JLinkOB\cross\arm\debug\MAIN\dev\system_stm32f1xx.c.o
 .debug_abbrev  0x000022cc      0x12a build\.objs\DAP_Link_for_JLinkOB\cross\arm\debug\MAIN\usb_adapter\App\usbd_custom_hid_if.c.o
 .debug_abbrev  0x000023f6      0x1d9 build\.objs\DAP_Link_for_JLinkOB\cross\arm\debug\MAIN\usb_adapter\App\usbd_desc.c.o
 .debug_abbrev  0x000025cf      0x156 build\.objs\DAP_Link_for_JLinkOB\cross\arm\debug\MAIN\usb_adapter\App\usb_device.c.o
 .debug_abbrev  0x00002725      0x2ac build\.objs\DAP_Link_for_JLinkOB\cross\arm\debug\MAIN\usb_adapter\Target\usbd_conf.c.o
 .debug_abbrev  0x000029d1      0x2f4 build\.objs\DAP_Link_for_JLinkOB\cross\arm\debug\MAIN\wrap\device.c.o
 .debug_abbrev  0x00002cc5      0x232 build\.objs\DAP_Link_for_JLinkOB\cross\arm\debug\USB\Class\CustomHID\Src\usbd_customhid.c.o
 .debug_abbrev  0x00002ef7      0x207 build\.objs\DAP_Link_for_JLinkOB\cross\arm\debug\USB\Core\Src\usbd_core.c.o
 .debug_abbrev  0x000030fe      0x23d build\.objs\DAP_Link_for_JLinkOB\cross\arm\debug\USB\Core\Src\usbd_ctlreq.c.o
 .debug_abbrev  0x0000333b      0x169 build\.objs\DAP_Link_for_JLinkOB\cross\arm\debug\USB\Core\Src\usbd_ioreq.c.o

.debug_aranges  0x00000000     0x1220
 .debug_aranges
                0x00000000       0x20 build\.objs\DAP_Link_for_JLinkOB\cross\arm\debug\Startup.S.o
 .debug_aranges
                0x00000020      0x1e0 build\.objs\DAP_Link_for_JLinkOB\cross\arm\debug\DAP\src\DAP.c.o
 .debug_aranges
                0x00000200       0x20 build\.objs\DAP_Link_for_JLinkOB\cross\arm\debug\DAP\src\DAP_vendor.c.o
 .debug_aranges
                0x00000220       0xa8 build\.objs\DAP_Link_for_JLinkOB\cross\arm\debug\DAP\src\JTAG_DP.c.o
 .debug_aranges
                0x000002c8       0x98 build\.objs\DAP_Link_for_JLinkOB\cross\arm\debug\DAP\src\SW_DP.c.o
 .debug_aranges
                0x00000360       0xe0 build\.objs\DAP_Link_for_JLinkOB\cross\arm\debug\HAL\Src\stm32f1xx_hal.c.o
 .debug_aranges
                0x00000440      0x100 build\.objs\DAP_Link_for_JLinkOB\cross\arm\debug\HAL\Src\stm32f1xx_hal_cortex.c.o
 .debug_aranges
                0x00000540       0x58 build\.objs\DAP_Link_for_JLinkOB\cross\arm\debug\HAL\Src\stm32f1xx_hal_gpio.c.o
 .debug_aranges
                0x00000598      0x120 build\.objs\DAP_Link_for_JLinkOB\cross\arm\debug\HAL\Src\stm32f1xx_hal_pcd.c.o
 .debug_aranges
                0x000006b8       0x38 build\.objs\DAP_Link_for_JLinkOB\cross\arm\debug\HAL\Src\stm32f1xx_hal_pcd_ex.c.o
 .debug_aranges
                0x000006f0       0x90 build\.objs\DAP_Link_for_JLinkOB\cross\arm\debug\HAL\Src\stm32f1xx_hal_rcc.c.o
 .debug_aranges
                0x00000780       0x30 build\.objs\DAP_Link_for_JLinkOB\cross\arm\debug\HAL\Src\stm32f1xx_hal_rcc_ex.c.o
 .debug_aranges
                0x000007b0      0x1d0 build\.objs\DAP_Link_for_JLinkOB\cross\arm\debug\HAL\Src\stm32f1xx_hal_spi.c.o
 .debug_aranges
                0x00000980      0x1d0 build\.objs\DAP_Link_for_JLinkOB\cross\arm\debug\HAL\Src\stm32f1xx_hal_uart.c.o
 .debug_aranges
                0x00000b50      0x108 build\.objs\DAP_Link_for_JLinkOB\cross\arm\debug\HAL\Src\stm32f1xx_ll_usb.c.o
 .debug_aranges
                0x00000c58       0x40 build\.objs\DAP_Link_for_JLinkOB\cross\arm\debug\MAIN\USBD_User_HID_0.c.o
 .debug_aranges
                0x00000c98       0x38 build\.objs\DAP_Link_for_JLinkOB\cross\arm\debug\MAIN\main.c.o
 .debug_aranges
                0x00000cd0       0x40 build\.objs\DAP_Link_for_JLinkOB\cross\arm\debug\MAIN\dev\stm32f1xx_hal_msp.c.o
 .debug_aranges
                0x00000d10       0x78 build\.objs\DAP_Link_for_JLinkOB\cross\arm\debug\MAIN\dev\stm32f1xx_it.c.o
 .debug_aranges
                0x00000d88       0x28 build\.objs\DAP_Link_for_JLinkOB\cross\arm\debug\MAIN\dev\system_stm32f1xx.c.o
 .debug_aranges
                0x00000db0       0x38 build\.objs\DAP_Link_for_JLinkOB\cross\arm\debug\MAIN\usb_adapter\App\usbd_custom_hid_if.c.o
 .debug_aranges
                0x00000de8       0x60 build\.objs\DAP_Link_for_JLinkOB\cross\arm\debug\MAIN\usb_adapter\App\usbd_desc.c.o
 .debug_aranges
                0x00000e48       0x20 build\.objs\DAP_Link_for_JLinkOB\cross\arm\debug\MAIN\usb_adapter\App\usb_device.c.o
 .debug_aranges
                0x00000e68      0x118 build\.objs\DAP_Link_for_JLinkOB\cross\arm\debug\MAIN\usb_adapter\Target\usbd_conf.c.o
 .debug_aranges
                0x00000f80       0x98 build\.objs\DAP_Link_for_JLinkOB\cross\arm\debug\MAIN\wrap\device.c.o
 .debug_aranges
                0x00001018       0x78 build\.objs\DAP_Link_for_JLinkOB\cross\arm\debug\USB\Class\CustomHID\Src\usbd_customhid.c.o
 .debug_aranges
                0x00001090       0xb8 build\.objs\DAP_Link_for_JLinkOB\cross\arm\debug\USB\Core\Src\usbd_core.c.o
 .debug_aranges
                0x00001148       0x88 build\.objs\DAP_Link_for_JLinkOB\cross\arm\debug\USB\Core\Src\usbd_ctlreq.c.o
 .debug_aranges
                0x000011d0       0x50 build\.objs\DAP_Link_for_JLinkOB\cross\arm\debug\USB\Core\Src\usbd_ioreq.c.o

.debug_str      0x00000000     0x41c2
 .debug_str     0x00000000       0x3b build\.objs\DAP_Link_for_JLinkOB\cross\arm\debug\Startup.S.o
 .debug_str     0x0000003b      0x777 build\.objs\DAP_Link_for_JLinkOB\cross\arm\debug\DAP\src\DAP.c.o
                                0x83f (size before relaxing)
 .debug_str     0x000007b2       0x15 build\.objs\DAP_Link_for_JLinkOB\cross\arm\debug\DAP\src\DAP_vendor.c.o
                                0x198 (size before relaxing)
 .debug_str     0x000007c7       0x88 build\.objs\DAP_Link_for_JLinkOB\cross\arm\debug\DAP\src\JTAG_DP.c.o
                                0x453 (size before relaxing)
 .debug_str     0x0000084f       0x5e build\.objs\DAP_Link_for_JLinkOB\cross\arm\debug\DAP\src\SW_DP.c.o
                                0x478 (size before relaxing)
 .debug_str     0x000008ad      0x5d7 build\.objs\DAP_Link_for_JLinkOB\cross\arm\debug\HAL\Src\stm32f1xx_hal.c.o
                                0x773 (size before relaxing)
 .debug_str     0x00000e84      0x2f0 build\.objs\DAP_Link_for_JLinkOB\cross\arm\debug\HAL\Src\stm32f1xx_hal_cortex.c.o
                                0x846 (size before relaxing)
 .debug_str     0x00001174      0x16e build\.objs\DAP_Link_for_JLinkOB\cross\arm\debug\HAL\Src\stm32f1xx_hal_gpio.c.o
                                0x3a1 (size before relaxing)
 .debug_str     0x000012e2      0x61f build\.objs\DAP_Link_for_JLinkOB\cross\arm\debug\HAL\Src\stm32f1xx_hal_pcd.c.o
                                0x826 (size before relaxing)
 .debug_str     0x00001901      0x171 build\.objs\DAP_Link_for_JLinkOB\cross\arm\debug\HAL\Src\stm32f1xx_hal_pcd_ex.c.o
                                0x650 (size before relaxing)
 .debug_str     0x00001a72      0x321 build\.objs\DAP_Link_for_JLinkOB\cross\arm\debug\HAL\Src\stm32f1xx_hal_rcc.c.o
                                0x5ab (size before relaxing)
 .debug_str     0x00001d93      0x10f build\.objs\DAP_Link_for_JLinkOB\cross\arm\debug\HAL\Src\stm32f1xx_hal_rcc_ex.c.o
                                0x353 (size before relaxing)
 .debug_str     0x00001ea2      0x835 build\.objs\DAP_Link_for_JLinkOB\cross\arm\debug\HAL\Src\stm32f1xx_hal_spi.c.o
                                0xaab (size before relaxing)
 .debug_str     0x000026d7      0x666 build\.objs\DAP_Link_for_JLinkOB\cross\arm\debug\HAL\Src\stm32f1xx_hal_uart.c.o
                                0xab5 (size before relaxing)
 .debug_str     0x00002d3d      0x2ec build\.objs\DAP_Link_for_JLinkOB\cross\arm\debug\HAL\Src\stm32f1xx_ll_usb.c.o
                                0x6ba (size before relaxing)
 .debug_str     0x00003029      0x16c build\.objs\DAP_Link_for_JLinkOB\cross\arm\debug\MAIN\USBD_User_HID_0.c.o
                                0x2f9 (size before relaxing)
 .debug_str     0x00003195       0x15 build\.objs\DAP_Link_for_JLinkOB\cross\arm\debug\MAIN\main.c.o
                                0x1d1 (size before relaxing)
 .debug_str     0x000031aa       0x1d build\.objs\DAP_Link_for_JLinkOB\cross\arm\debug\MAIN\dev\stm32f1xx_hal_msp.c.o
                                0xa73 (size before relaxing)
 .debug_str     0x000031c7       0xfe build\.objs\DAP_Link_for_JLinkOB\cross\arm\debug\MAIN\dev\stm32f1xx_it.c.o
                                0xa52 (size before relaxing)
 .debug_str     0x000032c5       0x4f build\.objs\DAP_Link_for_JLinkOB\cross\arm\debug\MAIN\dev\system_stm32f1xx.c.o
                                0x260 (size before relaxing)
 .debug_str     0x00003314      0x116 build\.objs\DAP_Link_for_JLinkOB\cross\arm\debug\MAIN\usb_adapter\App\usbd_custom_hid_if.c.o
                                0x27f (size before relaxing)
 .debug_str     0x0000342a      0x288 build\.objs\DAP_Link_for_JLinkOB\cross\arm\debug\MAIN\usb_adapter\App\usbd_desc.c.o
                                0x402 (size before relaxing)
 .debug_str     0x000036b2      0x250 build\.objs\DAP_Link_for_JLinkOB\cross\arm\debug\MAIN\usb_adapter\App\usb_device.c.o
                                0x5d3 (size before relaxing)
 .debug_str     0x00003902      0x1a1 build\.objs\DAP_Link_for_JLinkOB\cross\arm\debug\MAIN\usb_adapter\Target\usbd_conf.c.o
                                0xf16 (size before relaxing)
 .debug_str     0x00003aa3      0x1d7 build\.objs\DAP_Link_for_JLinkOB\cross\arm\debug\MAIN\wrap\device.c.o
                                0xf3f (size before relaxing)
 .debug_str     0x00003c7a      0x220 build\.objs\DAP_Link_for_JLinkOB\cross\arm\debug\USB\Class\CustomHID\Src\usbd_customhid.c.o
                                0x84c (size before relaxing)
 .debug_str     0x00003e9a      0x187 build\.objs\DAP_Link_for_JLinkOB\cross\arm\debug\USB\Core\Src\usbd_core.c.o
                                0x6c2 (size before relaxing)
 .debug_str     0x00004021       0xff build\.objs\DAP_Link_for_JLinkOB\cross\arm\debug\USB\Core\Src\usbd_ctlreq.c.o
                                0x648 (size before relaxing)
 .debug_str     0x00004120       0xa2 build\.objs\DAP_Link_for_JLinkOB\cross\arm\debug\USB\Core\Src\usbd_ioreq.c.o
                                0x5d0 (size before relaxing)

.debug_ranges   0x00000000     0x1040
 .debug_ranges  0x00000000      0x1d0 build\.objs\DAP_Link_for_JLinkOB\cross\arm\debug\DAP\src\DAP.c.o
 .debug_ranges  0x000001d0       0x10 build\.objs\DAP_Link_for_JLinkOB\cross\arm\debug\DAP\src\DAP_vendor.c.o
 .debug_ranges  0x000001e0       0x98 build\.objs\DAP_Link_for_JLinkOB\cross\arm\debug\DAP\src\JTAG_DP.c.o
 .debug_ranges  0x00000278       0x88 build\.objs\DAP_Link_for_JLinkOB\cross\arm\debug\DAP\src\SW_DP.c.o
 .debug_ranges  0x00000300       0xd0 build\.objs\DAP_Link_for_JLinkOB\cross\arm\debug\HAL\Src\stm32f1xx_hal.c.o
 .debug_ranges  0x000003d0       0xf0 build\.objs\DAP_Link_for_JLinkOB\cross\arm\debug\HAL\Src\stm32f1xx_hal_cortex.c.o
 .debug_ranges  0x000004c0       0x48 build\.objs\DAP_Link_for_JLinkOB\cross\arm\debug\HAL\Src\stm32f1xx_hal_gpio.c.o
 .debug_ranges  0x00000508      0x110 build\.objs\DAP_Link_for_JLinkOB\cross\arm\debug\HAL\Src\stm32f1xx_hal_pcd.c.o
 .debug_ranges  0x00000618       0x28 build\.objs\DAP_Link_for_JLinkOB\cross\arm\debug\HAL\Src\stm32f1xx_hal_pcd_ex.c.o
 .debug_ranges  0x00000640       0x80 build\.objs\DAP_Link_for_JLinkOB\cross\arm\debug\HAL\Src\stm32f1xx_hal_rcc.c.o
 .debug_ranges  0x000006c0       0x20 build\.objs\DAP_Link_for_JLinkOB\cross\arm\debug\HAL\Src\stm32f1xx_hal_rcc_ex.c.o
 .debug_ranges  0x000006e0      0x1c0 build\.objs\DAP_Link_for_JLinkOB\cross\arm\debug\HAL\Src\stm32f1xx_hal_spi.c.o
 .debug_ranges  0x000008a0      0x1c0 build\.objs\DAP_Link_for_JLinkOB\cross\arm\debug\HAL\Src\stm32f1xx_hal_uart.c.o
 .debug_ranges  0x00000a60       0xf8 build\.objs\DAP_Link_for_JLinkOB\cross\arm\debug\HAL\Src\stm32f1xx_ll_usb.c.o
 .debug_ranges  0x00000b58       0x30 build\.objs\DAP_Link_for_JLinkOB\cross\arm\debug\MAIN\USBD_User_HID_0.c.o
 .debug_ranges  0x00000b88       0x28 build\.objs\DAP_Link_for_JLinkOB\cross\arm\debug\MAIN\main.c.o
 .debug_ranges  0x00000bb0       0x30 build\.objs\DAP_Link_for_JLinkOB\cross\arm\debug\MAIN\dev\stm32f1xx_hal_msp.c.o
 .debug_ranges  0x00000be0       0x68 build\.objs\DAP_Link_for_JLinkOB\cross\arm\debug\MAIN\dev\stm32f1xx_it.c.o
 .debug_ranges  0x00000c48       0x18 build\.objs\DAP_Link_for_JLinkOB\cross\arm\debug\MAIN\dev\system_stm32f1xx.c.o
 .debug_ranges  0x00000c60       0x28 build\.objs\DAP_Link_for_JLinkOB\cross\arm\debug\MAIN\usb_adapter\App\usbd_custom_hid_if.c.o
 .debug_ranges  0x00000c88       0x50 build\.objs\DAP_Link_for_JLinkOB\cross\arm\debug\MAIN\usb_adapter\App\usbd_desc.c.o
 .debug_ranges  0x00000cd8       0x10 build\.objs\DAP_Link_for_JLinkOB\cross\arm\debug\MAIN\usb_adapter\App\usb_device.c.o
 .debug_ranges  0x00000ce8      0x108 build\.objs\DAP_Link_for_JLinkOB\cross\arm\debug\MAIN\usb_adapter\Target\usbd_conf.c.o
 .debug_ranges  0x00000df0       0x88 build\.objs\DAP_Link_for_JLinkOB\cross\arm\debug\MAIN\wrap\device.c.o
 .debug_ranges  0x00000e78       0x68 build\.objs\DAP_Link_for_JLinkOB\cross\arm\debug\USB\Class\CustomHID\Src\usbd_customhid.c.o
 .debug_ranges  0x00000ee0       0xa8 build\.objs\DAP_Link_for_JLinkOB\cross\arm\debug\USB\Core\Src\usbd_core.c.o
 .debug_ranges  0x00000f88       0x78 build\.objs\DAP_Link_for_JLinkOB\cross\arm\debug\USB\Core\Src\usbd_ctlreq.c.o
 .debug_ranges  0x00001000       0x40 build\.objs\DAP_Link_for_JLinkOB\cross\arm\debug\USB\Core\Src\usbd_ioreq.c.o

.comment        0x00000000       0x49
 .comment       0x00000000       0x49 build\.objs\DAP_Link_for_JLinkOB\cross\arm\debug\DAP\src\DAP.c.o
                                 0x4a (size before relaxing)
 .comment       0x00000049       0x4a build\.objs\DAP_Link_for_JLinkOB\cross\arm\debug\DAP\src\DAP_vendor.c.o
 .comment       0x00000049       0x4a build\.objs\DAP_Link_for_JLinkOB\cross\arm\debug\DAP\src\JTAG_DP.c.o
 .comment       0x00000049       0x4a build\.objs\DAP_Link_for_JLinkOB\cross\arm\debug\DAP\src\SW_DP.c.o
 .comment       0x00000049       0x4a build\.objs\DAP_Link_for_JLinkOB\cross\arm\debug\HAL\Src\stm32f1xx_hal.c.o
 .comment       0x00000049       0x4a build\.objs\DAP_Link_for_JLinkOB\cross\arm\debug\HAL\Src\stm32f1xx_hal_cortex.c.o
 .comment       0x00000049       0x4a build\.objs\DAP_Link_for_JLinkOB\cross\arm\debug\HAL\Src\stm32f1xx_hal_gpio.c.o
 .comment       0x00000049       0x4a build\.objs\DAP_Link_for_JLinkOB\cross\arm\debug\HAL\Src\stm32f1xx_hal_pcd.c.o
 .comment       0x00000049       0x4a build\.objs\DAP_Link_for_JLinkOB\cross\arm\debug\HAL\Src\stm32f1xx_hal_pcd_ex.c.o
 .comment       0x00000049       0x4a build\.objs\DAP_Link_for_JLinkOB\cross\arm\debug\HAL\Src\stm32f1xx_hal_rcc.c.o
 .comment       0x00000049       0x4a build\.objs\DAP_Link_for_JLinkOB\cross\arm\debug\HAL\Src\stm32f1xx_hal_rcc_ex.c.o
 .comment       0x00000049       0x4a build\.objs\DAP_Link_for_JLinkOB\cross\arm\debug\HAL\Src\stm32f1xx_hal_spi.c.o
 .comment       0x00000049       0x4a build\.objs\DAP_Link_for_JLinkOB\cross\arm\debug\HAL\Src\stm32f1xx_hal_uart.c.o
 .comment       0x00000049       0x4a build\.objs\DAP_Link_for_JLinkOB\cross\arm\debug\HAL\Src\stm32f1xx_ll_usb.c.o
 .comment       0x00000049       0x4a build\.objs\DAP_Link_for_JLinkOB\cross\arm\debug\MAIN\USBD_User_HID_0.c.o
 .comment       0x00000049       0x4a build\.objs\DAP_Link_for_JLinkOB\cross\arm\debug\MAIN\main.c.o
 .comment       0x00000049       0x4a build\.objs\DAP_Link_for_JLinkOB\cross\arm\debug\MAIN\dev\stm32f1xx_hal_msp.c.o
 .comment       0x00000049       0x4a build\.objs\DAP_Link_for_JLinkOB\cross\arm\debug\MAIN\dev\stm32f1xx_it.c.o
 .comment       0x00000049       0x4a build\.objs\DAP_Link_for_JLinkOB\cross\arm\debug\MAIN\dev\system_stm32f1xx.c.o
 .comment       0x00000049       0x4a build\.objs\DAP_Link_for_JLinkOB\cross\arm\debug\MAIN\usb_adapter\App\usbd_custom_hid_if.c.o
 .comment       0x00000049       0x4a build\.objs\DAP_Link_for_JLinkOB\cross\arm\debug\MAIN\usb_adapter\App\usbd_desc.c.o
 .comment       0x00000049       0x4a build\.objs\DAP_Link_for_JLinkOB\cross\arm\debug\MAIN\usb_adapter\App\usb_device.c.o
 .comment       0x00000049       0x4a build\.objs\DAP_Link_for_JLinkOB\cross\arm\debug\MAIN\usb_adapter\Target\usbd_conf.c.o
 .comment       0x00000049       0x4a build\.objs\DAP_Link_for_JLinkOB\cross\arm\debug\MAIN\wrap\device.c.o
 .comment       0x00000049       0x4a build\.objs\DAP_Link_for_JLinkOB\cross\arm\debug\USB\Class\CustomHID\Src\usbd_customhid.c.o
 .comment       0x00000049       0x4a build\.objs\DAP_Link_for_JLinkOB\cross\arm\debug\USB\Core\Src\usbd_core.c.o
 .comment       0x00000049       0x4a build\.objs\DAP_Link_for_JLinkOB\cross\arm\debug\USB\Core\Src\usbd_ctlreq.c.o
 .comment       0x00000049       0x4a build\.objs\DAP_Link_for_JLinkOB\cross\arm\debug\USB\Core\Src\usbd_ioreq.c.o

.debug_frame    0x00000000     0x49f0
 .debug_frame   0x00000000      0x82c build\.objs\DAP_Link_for_JLinkOB\cross\arm\debug\DAP\src\DAP.c.o
 .debug_frame   0x0000082c       0x38 build\.objs\DAP_Link_for_JLinkOB\cross\arm\debug\DAP\src\DAP_vendor.c.o
 .debug_frame   0x00000864      0x290 build\.objs\DAP_Link_for_JLinkOB\cross\arm\debug\DAP\src\JTAG_DP.c.o
 .debug_frame   0x00000af4      0x244 build\.objs\DAP_Link_for_JLinkOB\cross\arm\debug\DAP\src\SW_DP.c.o
 .debug_frame   0x00000d38      0x334 build\.objs\DAP_Link_for_JLinkOB\cross\arm\debug\HAL\Src\stm32f1xx_hal.c.o
 .debug_frame   0x0000106c      0x428 build\.objs\DAP_Link_for_JLinkOB\cross\arm\debug\HAL\Src\stm32f1xx_hal_cortex.c.o
 .debug_frame   0x00001494      0x14c build\.objs\DAP_Link_for_JLinkOB\cross\arm\debug\HAL\Src\stm32f1xx_hal_gpio.c.o
 .debug_frame   0x000015e0      0x500 build\.objs\DAP_Link_for_JLinkOB\cross\arm\debug\HAL\Src\stm32f1xx_hal_pcd.c.o
 .debug_frame   0x00001ae0       0xb0 build\.objs\DAP_Link_for_JLinkOB\cross\arm\debug\HAL\Src\stm32f1xx_hal_pcd_ex.c.o
 .debug_frame   0x00001b90      0x21c build\.objs\DAP_Link_for_JLinkOB\cross\arm\debug\HAL\Src\stm32f1xx_hal_rcc.c.o
 .debug_frame   0x00001dac       0x84 build\.objs\DAP_Link_for_JLinkOB\cross\arm\debug\HAL\Src\stm32f1xx_hal_rcc_ex.c.o
 .debug_frame   0x00001e30      0x824 build\.objs\DAP_Link_for_JLinkOB\cross\arm\debug\HAL\Src\stm32f1xx_hal_spi.c.o
 .debug_frame   0x00002654      0x834 build\.objs\DAP_Link_for_JLinkOB\cross\arm\debug\HAL\Src\stm32f1xx_hal_uart.c.o
 .debug_frame   0x00002e88      0x4d8 build\.objs\DAP_Link_for_JLinkOB\cross\arm\debug\HAL\Src\stm32f1xx_ll_usb.c.o
 .debug_frame   0x00003360       0xb8 build\.objs\DAP_Link_for_JLinkOB\cross\arm\debug\MAIN\USBD_User_HID_0.c.o
 .debug_frame   0x00003418       0x9c build\.objs\DAP_Link_for_JLinkOB\cross\arm\debug\MAIN\main.c.o
 .debug_frame   0x000034b4       0xc8 build\.objs\DAP_Link_for_JLinkOB\cross\arm\debug\MAIN\dev\stm32f1xx_hal_msp.c.o
 .debug_frame   0x0000357c      0x160 build\.objs\DAP_Link_for_JLinkOB\cross\arm\debug\MAIN\dev\stm32f1xx_it.c.o
 .debug_frame   0x000036dc       0x58 build\.objs\DAP_Link_for_JLinkOB\cross\arm\debug\MAIN\dev\system_stm32f1xx.c.o
 .debug_frame   0x00003734       0x90 build\.objs\DAP_Link_for_JLinkOB\cross\arm\debug\MAIN\usb_adapter\App\usbd_custom_hid_if.c.o
 .debug_frame   0x000037c4      0x160 build\.objs\DAP_Link_for_JLinkOB\cross\arm\debug\MAIN\usb_adapter\App\usbd_desc.c.o
 .debug_frame   0x00003924       0x2c build\.objs\DAP_Link_for_JLinkOB\cross\arm\debug\MAIN\usb_adapter\App\usb_device.c.o
 .debug_frame   0x00003950      0x4a4 build\.objs\DAP_Link_for_JLinkOB\cross\arm\debug\MAIN\usb_adapter\Target\usbd_conf.c.o
 .debug_frame   0x00003df4      0x244 build\.objs\DAP_Link_for_JLinkOB\cross\arm\debug\MAIN\wrap\device.c.o
 .debug_frame   0x00004038      0x1d4 build\.objs\DAP_Link_for_JLinkOB\cross\arm\debug\USB\Class\CustomHID\Src\usbd_customhid.c.o
 .debug_frame   0x0000420c      0x300 build\.objs\DAP_Link_for_JLinkOB\cross\arm\debug\USB\Core\Src\usbd_core.c.o
 .debug_frame   0x0000450c      0x218 build\.objs\DAP_Link_for_JLinkOB\cross\arm\debug\USB\Core\Src\usbd_ctlreq.c.o
 .debug_frame   0x00004724      0x10c build\.objs\DAP_Link_for_JLinkOB\cross\arm\debug\USB\Core\Src\usbd_ioreq.c.o
 .debug_frame   0x00004830       0x2c d:/opencli/compilers/gcc-arm-none-eabi-10.3-2021.10/bin/../lib/gcc/arm-none-eabi/10.3.1/../../../../arm-none-eabi/lib/thumb/v7-m/nofp\libc.a(lib_a-memset.o)
 .debug_frame   0x0000485c       0x5c d:/opencli/compilers/gcc-arm-none-eabi-10.3-2021.10/bin/../lib/gcc/arm-none-eabi/10.3.1/../../../../arm-none-eabi/lib/thumb/v7-m/nofp\libc.a(lib_a-__call_atexit.o)
 .debug_frame   0x000048b8       0x20 d:/opencli/compilers/gcc-arm-none-eabi-10.3-2021.10/bin/../lib/gcc/arm-none-eabi/10.3.1/../../../../arm-none-eabi/lib/thumb/v7-m/nofp\libc.a(lib_a-atexit.o)
 .debug_frame   0x000048d8       0x34 d:/opencli/compilers/gcc-arm-none-eabi-10.3-2021.10/bin/../lib/gcc/arm-none-eabi/10.3.1/../../../../arm-none-eabi/lib/thumb/v7-m/nofp\libc.a(lib_a-fini.o)
 .debug_frame   0x0000490c       0xb0 d:/opencli/compilers/gcc-arm-none-eabi-10.3-2021.10/bin/../lib/gcc/arm-none-eabi/10.3.1/../../../../arm-none-eabi/lib/thumb/v7-m/nofp\libc.a(lib_a-lock.o)
 .debug_frame   0x000049bc       0x34 d:/opencli/compilers/gcc-arm-none-eabi-10.3-2021.10/bin/../lib/gcc/arm-none-eabi/10.3.1/../../../../arm-none-eabi/lib/thumb/v7-m/nofp\libc.a(lib_a-__atexit.o)

Cross Reference Table

Symbol                                            File
AHBPrescTable                                     build\.objs\DAP_Link_for_JLinkOB\cross\arm\debug\MAIN\dev\system_stm32f1xx.c.o
                                                  build\.objs\DAP_Link_for_JLinkOB\cross\arm\debug\HAL\Src\stm32f1xx_hal_rcc.c.o
APBPrescTable                                     build\.objs\DAP_Link_for_JLinkOB\cross\arm\debug\MAIN\dev\system_stm32f1xx.c.o
                                                  build\.objs\DAP_Link_for_JLinkOB\cross\arm\debug\HAL\Src\stm32f1xx_hal_rcc.c.o
BusFault_Handler                                  build\.objs\DAP_Link_for_JLinkOB\cross\arm\debug\MAIN\dev\stm32f1xx_it.c.o
                                                  build\.objs\DAP_Link_for_JLinkOB\cross\arm\debug\Startup.S.o
DAP_Data                                          build\.objs\DAP_Link_for_JLinkOB\cross\arm\debug\DAP\src\DAP.c.o
                                                  build\.objs\DAP_Link_for_JLinkOB\cross\arm\debug\DAP\src\SW_DP.c.o
                                                  build\.objs\DAP_Link_for_JLinkOB\cross\arm\debug\DAP\src\JTAG_DP.c.o
DAP_ExecuteCommand                                build\.objs\DAP_Link_for_JLinkOB\cross\arm\debug\DAP\src\DAP.c.o
                                                  build\.objs\DAP_Link_for_JLinkOB\cross\arm\debug\MAIN\USBD_User_HID_0.c.o
DAP_ProcessCommand                                build\.objs\DAP_Link_for_JLinkOB\cross\arm\debug\DAP\src\DAP.c.o
DAP_ProcessVendorCommand                          build\.objs\DAP_Link_for_JLinkOB\cross\arm\debug\DAP\src\DAP_vendor.c.o
                                                  build\.objs\DAP_Link_for_JLinkOB\cross\arm\debug\DAP\src\DAP.c.o
DAP_Setup                                         build\.objs\DAP_Link_for_JLinkOB\cross\arm\debug\DAP\src\DAP.c.o
                                                  build\.objs\DAP_Link_for_JLinkOB\cross\arm\debug\MAIN\main.c.o
DAP_Thread                                        build\.objs\DAP_Link_for_JLinkOB\cross\arm\debug\MAIN\USBD_User_HID_0.c.o
                                                  build\.objs\DAP_Link_for_JLinkOB\cross\arm\debug\MAIN\main.c.o
DAP_ThreadId                                      build\.objs\DAP_Link_for_JLinkOB\cross\arm\debug\MAIN\main.c.o
                                                  build\.objs\DAP_Link_for_JLinkOB\cross\arm\debug\MAIN\USBD_User_HID_0.c.o
DAP_TransferAbort                                 build\.objs\DAP_Link_for_JLinkOB\cross\arm\debug\DAP\src\DAP.c.o
                                                  build\.objs\DAP_Link_for_JLinkOB\cross\arm\debug\MAIN\USBD_User_HID_0.c.o